Component: Arm Compiler for Embedded 6.24 Tool: armlink [5f371500]

==============================================================================

Section Cross References

    main.o(.text) refers to setup.o(.text) for ConfigRead
    main.o(.text) refers to gd32f1x0_gpio.o(.text) for gpio_bit_write
    main.o(.text) refers to bldcsine.o(.text) for InitBldc
    main.o(.text) refers to driver.o(.text) for DriverInit
    main.o(.text) refers to gd32f1x0_fwdgt.o(.text) for fwdgt_counter_reload
    main.o(.text) refers to it.o(.text) for millis
    main.o(.text) refers to bldc.o(.text) for SetBldcInput
    main.o(.text) refers to main.o(.bss..L_MergedGlobals) for [Anonymous Symbol]
    main.o(.text) refers to system_gd32f1x0.o(.data.SystemCoreClock) for SystemCoreClock
    main.o(.text) refers to main.o(.data.wState) for wState
    main.o(.text) refers to gd32f1x0_usart.o(.text) for usart_deinit
    main.o(.ARM.exidx) refers to main.o(.text) for [Anonymous Symbol]
    bldc.o(.text) refers to bldc.o(.rodata..L__const.up_or_down.up_down) for [Anonymous Symbol]
    bldc.o(.text) refers to bldc.o(.bss..L_MergedGlobals.1) for [Anonymous Symbol]
    bldc.o(.text) refers to dflti.o(.text) for __aeabi_i2d
    bldc.o(.text) refers to ddiv.o(.text) for __aeabi_ddiv
    bldc.o(.text) refers to dmul.o(.text) for __aeabi_dmul
    bldc.o(.text) refers to dfixi.o(.text) for __aeabi_d2iz
    bldc.o(.text) refers to main.o(.bss..L_MergedGlobals) for iDrivingMode
    bldc.o(.text) refers to system_gd32f1x0.o(.data.SystemCoreClock) for SystemCoreClock
    bldc.o(.text) refers to bldc.o(.data..L_MergedGlobals) for [Anonymous Symbol]
    bldc.o(.text) refers to f2d.o(.text) for __aeabi_f2d
    bldc.o(.text) refers to dfltui.o(.text) for __aeabi_ui2d
    bldc.o(.text) refers to dadd.o(.text) for __aeabi_dadd
    bldc.o(.text) refers to d2f.o(.text) for __aeabi_d2f
    bldc.o(.text) refers to fcmpgt.o(.text) for __aeabi_fcmpgt
    bldc.o(.text) refers to gd32f1x0_timer.o(.text) for timer_automatic_output_disable
    bldc.o(.text) refers to driver.o(.text) for Driver
    bldc.o(.text) refers to bldcsine.o(.text) for bldc_get_pwm
    bldc.o(.text) refers to ffltui.o(.text) for __aeabi_ui2f
    bldc.o(.text) refers to fdiv.o(.text) for __aeabi_fdiv
    bldc.o(.text) refers to it.o(.bss..L_MergedGlobals) for msTicks
    bldc.o(.text) refers to gd32f1x0_gpio.o(.text) for gpio_input_bit_get
    bldc.o(.text) refers to bldc.o(.rodata.hall_to_pos) for hall_to_pos
    bldc.o(.text) refers to driver.o(.data..L_MergedGlobals) for iDriverDoEvery
    bldc.o(.ARM.exidx) refers to bldc.o(.text) for [Anonymous Symbol]
    driver.o(.text) refers to ffixl.o(.text) for __aeabi_f2lz
    driver.o(.text) refers to ffixi.o(.text) for __aeabi_f2iz
    driver.o(.text) refers to fmul.o(.text) for __aeabi_fmul
    driver.o(.text) refers to fdiv.o(.text) for __aeabi_fdiv
    driver.o(.text) refers to driver.o(.bss..L_MergedGlobals.1) for [Anonymous Symbol]
    driver.o(.text) refers to fflti.o(.text) for __aeabi_i2f
    driver.o(.text) refers to main.o(.bss..L_MergedGlobals) for iDrivingMode
    driver.o(.text) refers to system_gd32f1x0.o(.data.SystemCoreClock) for SystemCoreClock
    driver.o(.text) refers to driver.o(.data..L_MergedGlobals) for [Anonymous Symbol]
    driver.o(.text) refers to driver.o(.bss.pid) for pid
    driver.o(.text) refers to bldc.o(.bss..L_MergedGlobals.1) for iOdom
    driver.o(.ARM.exidx) refers to driver.o(.text) for [Anonymous Symbol]
    bldcsine.o(.text) refers to gd32f1x0_syscfg.o(.text) for syscfg_exti_line_config
    bldcsine.o(.text) refers to gd32f1x0_exti.o(.text) for exti_init
    bldcsine.o(.text) refers to gd32f1x0_misc.o(.text) for nvic_irq_enable
    bldcsine.o(.text) refers to gd32f1x0_rcu.o(.text) for rcu_periph_clock_enable
    bldcsine.o(.text) refers to bldcsine.o(.bss..L_MergedGlobals) for [Anonymous Symbol]
    bldcsine.o(.text) refers to bldc.o(.bss..L_MergedGlobals.1) for buzzerTimer
    bldcsine.o(.text) refers to gd32f1x0_gpio.o(.text) for gpio_input_bit_get
    bldcsine.o(.text) refers to bldcsine.o(.rodata.cst8) for [Anonymous Symbol]
    bldcsine.o(.text) refers to bldcsine.o(.rodata.sine_table) for [Anonymous Symbol]
    bldcsine.o(.ARM.exidx) refers to bldcsine.o(.text) for [Anonymous Symbol]
    setup.o(.text) refers to gd32f1x0_gpio.o(.text) for gpio_mode_set
    setup.o(.text) refers to gd32f1x0_misc.o(.text) for nvic_priority_group_set
    setup.o(.text) refers to gd32f1x0_rcu.o(.text) for rcu_flag_get
    setup.o(.text) refers to gd32f1x0_fwdgt.o(.text) for fwdgt_config
    setup.o(.text) refers to gd32f1x0_timer.o(.text) for timer_deinit
    setup.o(.text) refers to setup.o(.bss.timeoutTimer_paramter_struct) for timeoutTimer_paramter_struct
    setup.o(.text) refers to system_gd32f1x0.o(.data.SystemCoreClock) for SystemCoreClock
    setup.o(.text) refers to setup.o(.bss..L_MergedGlobals) for [Anonymous Symbol]
    setup.o(.text) refers to gd32f1x0_dma.o(.text) for dma_deinit
[...]
    __arm_cp.7_0                             0x08002b44   Number         4  gd32f1x0_rcu.o(.text)
    __arm_cp.8_0                             0x08002b54   Number         4  gd32f1x0_rcu.o(.text)
    __arm_cp.9_0                             0x08002b64   Number         4  gd32f1x0_rcu.o(.text)
    __arm_cp.10_0                            0x08002b74   Number         4  gd32f1x0_rcu.o(.text)
    __arm_cp.11_0                            0x08002b84   Number         4  gd32f1x0_rcu.o(.text)
    __arm_cp.12_0                            0x08002b94   Number         4  gd32f1x0_rcu.o(.text)
    __arm_cp.13_0                            0x08002ba4   Number         4  gd32f1x0_rcu.o(.text)
    __arm_cp.14_0                            0x08002bf8   Number         4  gd32f1x0_rcu.o(.text)
    __arm_cp.15_0                            0x08002c08   Number         4  gd32f1x0_rcu.o(.text)
    __arm_cp.16_0                            0x08002c18   Number         4  gd32f1x0_rcu.o(.text)
    __arm_cp.17_0                            0x08002c34   Number         4  gd32f1x0_rcu.o(.text)
    __arm_cp.17_1                            0x08002c38   Number         4  gd32f1x0_rcu.o(.text)
    __arm_cp.18_0                            0x08002c48   Number         4  gd32f1x0_rcu.o(.text)
    __arm_cp.19_0                            0x08002c58   Number         4  gd32f1x0_rcu.o(.text)
    __arm_cp.20_0                            0x08002c68   Number         4  gd32f1x0_rcu.o(.text)
    __arm_cp.21_0                            0x08002c78   Number         4  gd32f1x0_rcu.o(.text)
    __arm_cp.22_0                            0x08002c88   Number         4  gd32f1x0_rcu.o(.text)
    __arm_cp.23_0                            0x08002ca0   Number         4  gd32f1x0_rcu.o(.text)
    __arm_cp.24_0                            0x08002cb0   Number         4  gd32f1x0_rcu.o(.text)
    __arm_cp.25_0                            0x08002cc0   Number         4  gd32f1x0_rcu.o(.text)
    __arm_cp.26_0                            0x08002ccc   Number         4  gd32f1x0_rcu.o(.text)
    __arm_cp.27_0                            0x08002cd8   Number         4  gd32f1x0_rcu.o(.text)
    __arm_cp.28_0                            0x08002ce8   Number         4  gd32f1x0_rcu.o(.text)
    __arm_cp.29_0                            0x08002dac   Number         4  gd32f1x0_rcu.o(.text)
    __arm_cp.29_1                            0x08002db0   Number         4  gd32f1x0_rcu.o(.text)
    __arm_cp.30_0                            0x08002dc0   Number         4  gd32f1x0_rcu.o(.text)
    __arm_cp.31_0                            0x08002dd0   Number         4  gd32f1x0_rcu.o(.text)
    __arm_cp.32_0                            0x08002e08   Number         4  gd32f1x0_rcu.o(.text)
    __arm_cp.33_0                            0x08002e40   Number         4  gd32f1x0_rcu.o(.text)
    __arm_cp.34_0                            0x08002e50   Number         4  gd32f1x0_rcu.o(.text)
    __arm_cp.35_0                            0x08002e60   Number         4  gd32f1x0_rcu.o(.text)
    __arm_cp.36_0                            0x08002e68   Number         4  gd32f1x0_rcu.o(.text)
    __arm_cp.37_0                            0x08002e70   Number         4  gd32f1x0_rcu.o(.text)
    __arm_cp.38_0                            0x08002e88   Number         4  gd32f1x0_rcu.o(.text)
    __arm_cp.38_1                            0x08002e8c   Number         4  gd32f1x0_rcu.o(.text)
    __arm_cp.39_0                            0x08002e9c   Number         4  gd32f1x0_rcu.o(.text)
    __arm_cp.40_0                            0x08002eac   Number         4  gd32f1x0_rcu.o(.text)
    __arm_cp.41_0                            0x08002fa8   Number         4  gd32f1x0_rcu.o(.text)
    __arm_cp.41_1                            0x08002fac   Number         4  gd32f1x0_rcu.o(.text)
    __arm_cp.41_2                            0x08002fb0   Number         4  gd32f1x0_rcu.o(.text)
    __arm_cp.41_4                            0x08002fc4   Number         4  gd32f1x0_rcu.o(.text)
    __arm_cp.41_5                            0x08002fc8   Number         4  gd32f1x0_rcu.o(.text)
    OUTLINED_FUNCTION_0                      0x08002fcd   Thumb Code    10  gd32f1x0_rcu.o(.text)
    OUTLINED_FUNCTION_1                      0x08002fd7   Thumb Code    14  gd32f1x0_rcu.o(.text)
    OUTLINED_FUNCTION_2                      0x08002fe5   Thumb Code    10  gd32f1x0_rcu.o(.text)
    OUTLINED_FUNCTION_3                      0x08002fef   Thumb Code     6  gd32f1x0_rcu.o(.text)
    OUTLINED_FUNCTION_4                      0x08002ff5   Thumb Code     8  gd32f1x0_rcu.o(.text)
    OUTLINED_FUNCTION_5                      0x08002ffd   Thumb Code    14  gd32f1x0_rcu.o(.text)
    OUTLINED_FUNCTION_6                      0x0800300b   Thumb Code    14  gd32f1x0_rcu.o(.text)
    [Anonymous Symbol]                       0x08003018   Section        0  gd32f1x0_syscfg.o(.text)
    __arm_cp.1_0                             0x08003034   Number         4  gd32f1x0_syscfg.o(.text)
    __arm_cp.2_0                             0x08003044   Number         4  gd32f1x0_syscfg.o(.text)
    __arm_cp.3_0                             0x08003054   Number         4  gd32f1x0_syscfg.o(.text)
    __arm_cp.4_0                             0x08003064   Number         4  gd32f1x0_syscfg.o(.text)
    __arm_cp.5_0                             0x080030a8   Number         4  gd32f1x0_syscfg.o(.text)
    __arm_cp.6_0                             0x080030b0   Number         4  gd32f1x0_syscfg.o(.text)
    __arm_cp.7_0                             0x080030c0   Number         4  gd32f1x0_syscfg.o(.text)
    __arm_cp.8_0                             0x080030c8   Number         4  gd32f1x0_syscfg.o(.text)
    OUTLINED_FUNCTION_0                      0x080030cd   Thumb Code     8  gd32f1x0_syscfg.o(.text)
    [Anonymous Symbol]                       0x080030d4   Section        0  gd32f1x0_timer.o(.text)
    __arm_cp.0_0                             0x08003148   Number         4  gd32f1x0_timer.o(.text)
    __arm_cp.0_1                             0x0800314c   Number         4  gd32f1x0_timer.o(.text)
    __arm_cp.0_2                             0x08003150   Number         4  gd32f1x0_timer.o(.text)
    __arm_cp.0_3                             0x08003154   Number         4  gd32f1x0_timer.o(.text)
    __arm_cp.0_4                             0x08003158   Number         4  gd32f1x0_timer.o(.text)
    __arm_cp.0_5                             0x0800315c   Number         4  gd32f1x0_timer.o(.text)
    __arm_cp.0_6                             0x08003160   Number         4  gd32f1x0_timer.o(.text)
    __arm_cp.2_0                             0x0800321c   Number         4  gd32f1x0_timer.o(.text)
    __arm_cp.2_1                             0x08003220   Number         4  gd32f1x0_timer.o(.text)
    __arm_cp.2_2                             0x08003224   Number         4  gd32f1x0_timer.o(.text)
    __arm_cp.2_3                             0x08003228   Number         4  gd32f1x0_timer.o(.text)
    __arm_cp.2_4                             0x0800322c   Number         4  gd32f1x0_timer.o(.text)
    __arm_cp.2_5                             0x08003230   Number         4  gd32f1x0_timer.o(.text)
    __arm_cp.42_0                            0x08003608   Number         4  gd32f1x0_timer.o(.text)
    __arm_cp.42_1                            0x0800360c   Number         4  gd32f1x0_timer.o(.text)
    __arm_cp.42_2                            0x08003610   Number         4  gd32f1x0_timer.o(.text)
    __arm_cp.42_3                            0x08003614   Number         4  gd32f1x0_timer.o(.text)
    __arm_cp.42_4                            0x08003618   Number         4  gd32f1x0_timer.o(.text)
    OUTLINED_FUNCTION_0                      0x08003c29   Thumb Code    32  gd32f1x0_timer.o(.text)
    OUTLINED_FUNCTION_1                      0x08003c49   Thumb Code    10  gd32f1x0_timer.o(.text)
    OUTLINED_FUNCTION_2                      0x08003c53   Thumb Code    10  gd32f1x0_timer.o(.text)
    [Anonymous Symbol]                       0x08003c5c   Section        0  gd32f1x0_usart.o(.text)
    __arm_cp.0_0                             0x08003c88   Number         4  gd32f1x0_usart.o(.text)
    __arm_cp.0_1                             0x08003c8c   Number         4  gd32f1x0_usart.o(.text)
    __arm_cp.1_0                             0x08003cdc   Number         4  gd32f1x0_usart.o(.text)
    __arm_cp.1_1                             0x08003ce0   Number         4  gd32f1x0_usart.o(.text)
    OUTLINED_FUNCTION_0                      0x0800415d   Thumb Code    10  gd32f1x0_usart.o(.text)
    OUTLINED_FUNCTION_1                      0x08004167   Thumb Code    10  gd32f1x0_usart.o(.text)
    OUTLINED_FUNCTION_2                      0x08004171   Thumb Code    10  gd32f1x0_usart.o(.text)
    OUTLINED_FUNCTION_3                      0x0800417b   Thumb Code    14  gd32f1x0_usart.o(.text)
    OUTLINED_FUNCTION_4                      0x08004189   Thumb Code    12  gd32f1x0_usart.o(.text)
    OUTLINED_FUNCTION_5                      0x08004195   Thumb Code    10  gd32f1x0_usart.o(.text)
    .text                                    0x080041a0   Section       36  startup_gd32f1x0.o(.text)
    [Anonymous Symbol]                       0x080041c4   Section        0  system_gd32f1x0.o(.text)
    __arm_cp.0_0                             0x08004268   Number         4  system_gd32f1x0.o(.text)
    __arm_cp.0_1                             0x0800426c   Number         4  system_gd32f1x0.o(.text)
    __arm_cp.0_2                             0x08004270   Number         4  system_gd32f1x0.o(.text)
    __arm_cp.0_3                             0x08004274   Number         4  system_gd32f1x0.o(.text)
    __arm_cp.0_4                             0x08004278   Number         4  system_gd32f1x0.o(.text)
    __arm_cp.1_0                             0x080042cc   Number         4  system_gd32f1x0.o(.text)
    __arm_cp.1_1                             0x080042d0   Number         4  system_gd32f1x0.o(.text)
    __arm_cp.1_2                             0x080042d4   Number         4  system_gd32f1x0.o(.text)
    __arm_cp.1_3                             0x080042d8   Number         4  system_gd32f1x0.o(.text)
    .text                                    0x080042ec   Section        0  memseta.o(.text)
    .text                                    0x08004310   Section        0  fmul.o(.text)
    .text                                    0x08004374   Section        0  fdiv.o(.text)
    .text                                    0x080043f0   Section        0  dadd.o(.text)
    .text                                    0x0800453e   Section        0  dmul.o(.text)
    .text                                    0x08004622   Section        0  ddiv.o(.text)
    .text                                    0x08004700   Section        0  fcmpgt.o(.text)
    .text                                    0x0800471c   Section        0  fflti.o(.text)
    .text                                    0x0800472e   Section        0  ffltui.o(.text)
    .text                                    0x08004738   Section        0  dflti.o(.text)
    .text                                    0x0800475a   Section        0  dfltui.o(.text)
    .text                                    0x08004774   Section        0  ffixi.o(.text)
    .text                                    0x080047a6   Section        0  ffixl.o(.text)
    .text                                    0x080047e8   Section        0  dfixi.o(.text)
    .text                                    0x08004826   Section        0  f2d.o(.text)
    .text                                    0x0800484c   Section        0  d2f.o(.text)
    .text                                    0x08004884   Section        0  llshl.o(.text)
    .text                                    0x080048a2   Section        0  llushr.o(.text)
    .text                                    0x080048c2   Section        0  llsshr.o(.text)
    .text                                    0x080048e6   Section        0  iusefp.o(.text)
    .text                                    0x080048e6   Section        0  fepilogue.o(.text)
    .text                                    0x08004954   Section        0  depilogue.o(.text)
    .text                                    0x08004a10   Section       48  init.o(.text)
    i.__scatterload_copy                     0x08004a40   Section       14  handlers.o(i.__scatterload_copy)
    i.__scatterload_null                     0x08004a4e   Section        2  handlers.o(i.__scatterload_null)
    i.__scatterload_zeroinit                 0x08004a50   Section       14  handlers.o(i.__scatterload_zeroinit)
    [Anonymous Symbol]                       0x08004a5e   Section        0  bldc.o(.rodata..L__const.up_or_down.up_down)
    hall_to_sector                           0x08004a6a   Data           8  bldcsine.o(.rodata.cst8)
    [Anonymous Symbol]                       0x08004a6a   Section        0  bldcsine.o(.rodata.cst8)
    [Anonymous Symbol]                       0x08004a72   Section        0  gd32f1x0_rcu.o(.rodata.cst8)
    sine_table                               0x08004a82   Data         720  bldcsine.o(.rodata.sine_table)
    [Anonymous Symbol]                       0x08004a82   Section        0  bldcsine.o(.rodata.sine_table)
    su8BrightnessTable                       0x08004d52   Data          64  led.o(.rodata.su8BrightnessTable)
    [Anonymous Symbol]                       0x08004d52   Section        0  led.o(.rodata.su8BrightnessTable)
    [Anonymous Symbol]                       0x20000000   Section        0  bldc.o(.data..L_MergedGlobals)
    [Anonymous Symbol]                       0x20000014   Section        0  driver.o(.data..L_MergedGlobals)
    saturationValue                          0x2000006c   Data           1  led.o(.data..L_MergedGlobals)
    [Anonymous Symbol]                       0x2000006c   Section        0  led.o(.data..L_MergedGlobals)
    brightnessValue                          0x2000006d   Data           1  led.o(.data..L_MergedGlobals)
    speedFading                              0x2000006e   Data           2  led.o(.data..L_MergedGlobals)
    speedBlink                               0x20000070   Data           2  led.o(.data..L_MergedGlobals)
    speedStrobe                              0x20000072   Data           2  led.o(.data..L_MergedGlobals)
    iReceivePos                              0x20000078   Data           2  commsmasterslave.o(.data.iReceivePos)
    [Anonymous Symbol]                       0x20000078   Section        0  commsmasterslave.o(.data.iReceivePos)
    [Anonymous Symbol]                       0x20000080   Section        0  main.o(.bss..L_MergedGlobals)
    [Anonymous Symbol]                       0x2000009c   Section        0  bldcsine.o(.bss..L_MergedGlobals)
    [Anonymous Symbol]                       0x200000cc   Section        0  setup.o(.bss..L_MergedGlobals)
    [Anonymous Symbol]                       0x20000134   Section        0  it.o(.bss..L_MergedGlobals)
    TIMER0_BRK_UP_TRG_COM_IRQHandler.interrupt_toggle 0x20000135   Data           1  it.o(.bss..L_MergedGlobals)
    [Anonymous Symbol]                       0x20000164   Section        0  commsmasterslave.o(.bss..L_MergedGlobals)
    [Anonymous Symbol]                       0x20000168   Section        0  bldc.o(.bss..L_MergedGlobals.1)
    [Anonymous Symbol]                       0x200001c8   Section        0  driver.o(.bss..L_MergedGlobals.1)
    [Anonymous Symbol]                       0x200001fc   Section        0  led.o(.bss..L_MergedGlobals.1)
    strobeToggle                             0x200001ff   Data           1  led.o(.bss..L_MergedGlobals.1)
    sLEDProgram                              0x20000200   Data           1  led.o(.bss..L_MergedGlobals.1)
    fadingCounter                            0x20000202   Data           2  led.o(.bss..L_MergedGlobals.1)
    blinkCounter                             0x20000204   Data           2  led.o(.bss..L_MergedGlobals.1)
    strobeCounter                            0x20000206   Data           2  led.o(.bss..L_MergedGlobals.1)
    hueValue                                 0x20000208   Data           2  led.o(.bss..L_MergedGlobals.1)
    aReceiveBuffer                           0x2000020a   Data           6  commsmasterslave.o(.bss.aReceiveBuffer)
    [Anonymous Symbol]                       0x2000020a   Section        0  commsmasterslave.o(.bss.aReceiveBuffer)
    STACK                                    0x20000298   Section     1024  startup_gd32f1x0.o(STACK)

    Global Symbols

    Symbol Name                              Value     Ov Type        Size  Object(Section)

    BuildAttributes$$THM_ISAv4$P$D$K$B$S$PE$A:L22UL41UL21$X:L11$S22US41US21$IEEE1$IW$~IW$USESV6$~STKCKD$USESV7$~SHL$OTIME$ROPI$EBA8$MICROLIB$REQ8$PRES8$EABIv2 0x00000000   Number         0  anon$$obj.o ABSOLUTE
    __cpp_initialize__aeabi_                  - Undefined Weak Reference
    __cxa_finalize                            - Undefined Weak Reference
    __decompress                              - Undefined Weak Reference
    _clock_init                               - Undefined Weak Reference
    _microlib_exit                            - Undefined Weak Reference
    __Vectors_Size                           0x00000168   Number         0  startup_gd32f1x0.o ABSOLUTE
    __Vectors                                0x08000000   Data           4  startup_gd32f1x0.o(RESET)
    __Vectors_End                            0x08000168   Data           0  startup_gd32f1x0.o(RESET)
    __main                                   0x08000169   Thumb Code     0  entry.o(.ARM.Collect$$$$00000000)
    _main_stk                                0x08000169   Thumb Code     0  entry2.o(.ARM.Collect$$$$00000001)
    _main_scatterload                        0x0800016d   Thumb Code     0  entry5.o(.ARM.Collect$$$$00000004)
    __main_after_scatterload                 0x08000171   Thumb Code     0  entry5.o(.ARM.Collect$$$$00000004)
    _main_clock                              0x08000171   Thumb Code     0  entry7b.o(.ARM.Collect$$$$00000008)
    _main_cpp_init                           0x08000171   Thumb Code     0  entry8b.o(.ARM.Collect$$$$0000000A)
    _main_init                               0x08000171   Thumb Code     0  entry9a.o(.ARM.Collect$$$$0000000B)
    __rt_final_cpp                           0x08000179   Thumb Code     0  entry10a.o(.ARM.Collect$$$$0000000D)
    __rt_final_exit                          0x08000179   Thumb Code     0  entry11a.o(.ARM.Collect$$$$0000000F)
    main                                     0x0800017d   Thumb Code   380  main.o(.text)
    ShutOff                                  0x08000315   Thumb Code    92  main.o(.text)
    modulo                                   0x0800037d   Thumb Code    22  bldc.o(.text)
    up_or_down                               0x08000395   Thumb Code    36  bldc.o(.text)
    SetEnable                                0x080003bd   Thumb Code     8  bldc.o(.text)
    SetBldcInput                             0x080003c9   Thumb Code    88  bldc.o(.text)
    SetFilter                                0x08000431   Thumb Code    24  bldc.o(.text)
    CalculateBLDC                            0x08000451   Thumb Code   872  bldc.o(.text)
    PID_Init                                 0x08000829   Thumb Code    96  driver.o(.text)
    PID_Update                               0x0800088d   Thumb Code   240  driver.o(.text)
    DriverInit                               0x08000981   Thumb Code   136  driver.o(.text)
    Driver                                   0x08000a19   Thumb Code    36  driver.o(.text)
    InitEXTI                                 0x08000a55   Thumb Code    64  bldcsine.o(.text)
    InitBldc                                 0x08000a95   Thumb Code    36  bldcsine.o(.text)
    _HandleEXTI                              0x08000acd   Thumb Code   128  bldcsine.o(.text)
    EXTI0_1_IRQHandler                       0x08000b61   Thumb Code     4  bldcsine.o(.text)
    EXTI2_3_IRQHandler                       0x08000b65   Thumb Code     4  bldcsine.o(.text)
    EXTI4_15_IRQHandler                      0x08000b69   Thumb Code     4  bldcsine.o(.text)
    bldc_get_pwm                             0x08000b6d   Thumb Code   372  bldcsine.o(.text)
    pinMode                                  0x08000cf9   Thumb Code    42  setup.o(.text)
    pinModePull                              0x08000d23   Thumb Code    38  setup.o(.text)
    Interrupt_init                           0x08000d49   Thumb Code     8  setup.o(.text)
    Watchdog_init                            0x08000d51   Thumb Code    54  setup.o(.text)
    TimeoutTimer_init                        0x08000d89   Thumb Code    88  setup.o(.text)
    GPIO_init                                0x08000ded   Thumb Code   360  setup.o(.text)
    PWM_init                                 0x08000f79   Thumb Code   304  setup.o(.text)
    ADC_init                                 0x080010d1   Thumb Code   212  setup.o(.text)
    USART0_Init                              0x080011b1   Thumb Code     2  setup.o(.text)
    USART1_Init                              0x080011b5   Thumb Code   264  setup.o(.text)
    USART2_Init                              0x080012c5   Thumb Code     2  setup.o(.text)
    flashErase                               0x080012c7   Thumb Code    28  setup.o(.text)
    flashRead                                0x080012e3   Thumb Code     4  setup.o(.text)
    flashWrite                               0x080012e7   Thumb Code    38  setup.o(.text)
    flashWriteBuffer                         0x0800130d   Thumb Code    30  setup.o(.text)
    flashReadBuffer                          0x0800132b   Thumb Code    20  setup.o(.text)
    ConfigReset                              0x08001341   Thumb Code    32  setup.o(.text)
    ConfigWrite                              0x08001369   Thumb Code    44  setup.o(.text)
    ConfigRead                               0x080013a1   Thumb Code    64  setup.o(.text)
    Clock_init                               0x080013ed   Thumb Code    36  setup.o(.text)
    Clock_test                               0x0800141d   Thumb Code    36  setup.o(.text)
    SysTick_Handler                          0x08001475   Thumb Code    12  it.o(.text)
    ResetTimeout                             0x08001485   Thumb Code     8  it.o(.text)
    TIMER13_IRQHandler                       0x08001491   Thumb Code    72  it.o(.text)
    TIMER0_BRK_UP_TRG_COM_IRQHandler         0x080014e5   Thumb Code    76  it.o(.text)
    DMA_Channel0_IRQHandler                  0x08001539   Thumb Code    60  it.o(.text)
    DMA_Channel3_4_IRQHandler                0x08001579   Thumb Code    44  it.o(.text)
    millis                                   0x080015a9   Thumb Code     8  it.o(.text)
    Delay                                    0x080015b5   Thumb Code    20  it.o(.text)
    NMI_Handler                              0x080015cd   Thumb Code     2  it.o(.text)
    HardFault_Handler                        0x080015cf   Thumb Code     2  it.o(.text)
    MemManage_Handler                        0x080015d1   Thumb Code     2  it.o(.text)
    BusFault_Handler                         0x080015d3   Thumb Code     2  it.o(.text)
    UsageFault_Handler                       0x080015d5   Thumb Code     2  it.o(.text)
    SVC_Handler                              0x080015d7   Thumb Code     2  it.o(.text)
    DebugMon_Handler                         0x080015d9   Thumb Code     2  it.o(.text)
    PendSV_Handler                           0x080015db   Thumb Code     2  it.o(.text)
    CalculateLEDProgram                      0x080015dd   Thumb Code   128  led.o(.text)
    GetRGBProgram                            0x08001665   Thumb Code     8  led.o(.text)
    GetSpeedFading                           0x08001671   Thumb Code     8  led.o(.text)
    SetHSBHue                                0x0800167d   Thumb Code    72  led.o(.text)
    GetHSBHue                                0x080016d1   Thumb Code     8  led.o(.text)
    GetSpeedBlink                            0x080016dd   Thumb Code     8  led.o(.text)
    GetSpeedStrobe                           0x080016e9   Thumb Code     8  led.o(.text)
    SetHSBBrightness                         0x080016f5   Thumb Code    32  led.o(.text)
    SetRGBProgram                            0x08001721   Thumb Code    52  led.o(.text)
    SetHSBSaturation                         0x0800175d   Thumb Code    32  led.o(.text)
    HSBtoRed                                 0x08001789   Thumb Code    54  led.o(.text)
    HSBtoGreen                               0x080017bf   Thumb Code    56  led.o(.text)
    HSBtoBlue                                0x080017f7   Thumb Code    56  led.o(.text)
    GetHSBSaturation                         0x08001831   Thumb Code     8  led.o(.text)
    GetHSBBrightness                         0x0800183d   Thumb Code     8  led.o(.text)
    SetSpeedFading                           0x08001849   Thumb Code    24  led.o(.text)
    SetSpeedBlink                            0x08001865   Thumb Code    28  led.o(.text)
    SetSpeedStrobe                           0x08001885   Thumb Code    24  led.o(.text)
    SetUpperLEDMaster                        0x080018a1   Thumb Code     8  led.o(.text)
    GetUpperLEDMaster                        0x080018ad   Thumb Code     8  led.o(.text)
    SetLowerLEDMaster                        0x080018b9   Thumb Code     8  led.o(.text)
    GetLowerLEDMaster                        0x080018c5   Thumb Code     8  led.o(.text)
    SendBuffer                               0x08001901   Thumb Code    42  comms.o(.text)
    CalcCRC                                  0x0800192b   Thumb Code    50  comms.o(.text)
    UpdateUSARTMasterSlaveInput              0x0800195d   Thumb Code    72  commsmasterslave.o(.text)
    ProessReceived                           0x080019b1   Thumb Code    68  commsmasterslave.o(.text)
    SendMaster                               0x08001a05   Thumb Code    76  commsmasterslave.o(.text)
    SetMosfetOutMaster                       0x08001a61   Thumb Code     8  commsmasterslave.o(.text)
    GetMosfetOutMaster                       0x08001a6d   Thumb Code     8  commsmasterslave.o(.text)
    adc_deinit                               0x08001a79   Thumb Code    22  gd32f1x0_adc.o(.text)
    adc_enable                               0x08001a91   Thumb Code    20  gd32f1x0_adc.o(.text)
    adc_disable                              0x08001aa9   Thumb Code    12  gd32f1x0_adc.o(.text)
    adc_calibration_enable                   0x08001ab9   Thumb Code    32  gd32f1x0_adc.o(.text)
    adc_dma_mode_enable                      0x08001add   Thumb Code    12  gd32f1x0_adc.o(.text)
    adc_dma_mode_disable                     0x08001aed   Thumb Code    12  gd32f1x0_adc.o(.text)
    adc_tempsensor_vrefint_enable            0x08001afd   Thumb Code    12  gd32f1x0_adc.o(.text)
    adc_tempsensor_vrefint_disable           0x08001b0d   Thumb Code    12  gd32f1x0_adc.o(.text)
    adc_vbat_enable                          0x08001b1d   Thumb Code    12  gd32f1x0_adc.o(.text)
    adc_vbat_disable                         0x08001b2d   Thumb Code    12  gd32f1x0_adc.o(.text)
    adc_discontinuous_mode_config            0x08001b3d   Thumb Code    60  gd32f1x0_adc.o(.text)
    adc_special_function_config              0x08001b7d   Thumb Code    80  gd32f1x0_adc.o(.text)
    adc_data_alignment_config                0x08001bd1   Thumb Code    20  gd32f1x0_adc.o(.text)
    adc_channel_length_config                0x08001be9   Thumb Code    56  gd32f1x0_adc.o(.text)
    adc_regular_channel_config               0x08001c25   Thumb Code   136  gd32f1x0_adc.o(.text)
    adc_inserted_channel_config              0x08001cb1   Thumb Code    84  gd32f1x0_adc.o(.text)
    adc_inserted_channel_offset_config       0x08001d09   Thumb Code    28  gd32f1x0_adc.o(.text)
    adc_external_trigger_config              0x08001d29   Thumb Code    56  gd32f1x0_adc.o(.text)
    adc_external_trigger_source_config       0x08001d65   Thumb Code    36  gd32f1x0_adc.o(.text)
    adc_software_trigger_enable              0x08001d8d   Thumb Code    28  gd32f1x0_adc.o(.text)
    adc_regular_data_read                    0x08001dad   Thumb Code     8  gd32f1x0_adc.o(.text)
    adc_inserted_data_read                   0x08001db9   Thumb Code    36  gd32f1x0_adc.o(.text)
    adc_flag_get                             0x08001de1   Thumb Code    12  gd32f1x0_adc.o(.text)
    adc_flag_clear                           0x08001df1   Thumb Code     4  gd32f1x0_adc.o(.text)
    adc_interrupt_flag_get                   0x08001df9   Thumb Code    48  gd32f1x0_adc.o(.text)
    adc_interrupt_flag_clear                 0x08001e2d   Thumb Code     4  gd32f1x0_adc.o(.text)
    adc_interrupt_enable                     0x08001e35   Thumb Code    40  gd32f1x0_adc.o(.text)
    adc_interrupt_disable                    0x08001e61   Thumb Code    40  gd32f1x0_adc.o(.text)
    adc_watchdog_single_channel_enable       0x08001e8d   Thumb Code    28  gd32f1x0_adc.o(.text)
    adc_watchdog_group_channel_enable        0x08001eb5   Thumb Code    32  gd32f1x0_adc.o(.text)
    adc_watchdog_disable                     0x08001ee9   Thumb Code    12  gd32f1x0_adc.o(.text)
    adc_watchdog_threshold_config            0x08001efd   Thumb Code    16  gd32f1x0_adc.o(.text)
    dma_deinit                               0x08001f25   Thumb Code    44  gd32f1x0_dma.o(.text)
    dma_struct_para_init                     0x08001f55   Thumb Code    24  gd32f1x0_dma.o(.text)
    dma_init                                 0x08001f6d   Thumb Code   112  gd32f1x0_dma.o(.text)
    dma_circulation_enable                   0x08001fe1   Thumb Code    16  gd32f1x0_dma.o(.text)
    dma_circulation_disable                  0x08001ff5   Thumb Code    16  gd32f1x0_dma.o(.text)
    dma_memory_to_memory_enable              0x08002009   Thumb Code    16  gd32f1x0_dma.o(.text)
    dma_memory_to_memory_disable             0x0800201d   Thumb Code    16  gd32f1x0_dma.o(.text)
    dma_channel_enable                       0x08002031   Thumb Code    16  gd32f1x0_dma.o(.text)
    dma_channel_disable                      0x08002045   Thumb Code    16  gd32f1x0_dma.o(.text)
    dma_periph_address_config                0x08002059   Thumb Code     4  gd32f1x0_dma.o(.text)
    dma_memory_address_config                0x08002061   Thumb Code     4  gd32f1x0_dma.o(.text)
    dma_transfer_number_config               0x08002069   Thumb Code     4  gd32f1x0_dma.o(.text)
    dma_transfer_number_get                  0x08002071   Thumb Code    12  gd32f1x0_dma.o(.text)
    dma_priority_config                      0x08002081   Thumb Code    16  gd32f1x0_dma.o(.text)
    dma_memory_width_config                  0x08002095   Thumb Code    16  gd32f1x0_dma.o(.text)
    dma_periph_width_config                  0x080020a9   Thumb Code    16  gd32f1x0_dma.o(.text)
    dma_memory_increase_enable               0x080020bd   Thumb Code    16  gd32f1x0_dma.o(.text)
    dma_memory_increase_disable              0x080020d1   Thumb Code    16  gd32f1x0_dma.o(.text)
    dma_periph_increase_enable               0x080020e5   Thumb Code    16  gd32f1x0_dma.o(.text)
    dma_periph_increase_disable              0x080020f9   Thumb Code    16  gd32f1x0_dma.o(.text)
    dma_transfer_direction_config            0x0800210d   Thumb Code    28  gd32f1x0_dma.o(.text)
    dma_interrupt_flag_get                   0x0800212d   Thumb Code    72  gd32f1x0_dma.o(.text)
    dma_interrupt_flag_clear                 0x080021b9   Thumb Code    16  gd32f1x0_dma.o(.text)
    dma_interrupt_enable                     0x080021cd   Thumb Code    12  gd32f1x0_dma.o(.text)
    dma_interrupt_disable                    0x080021dd   Thumb Code    20  gd32f1x0_dma.o(.text)
    dma_flag_get                             0x080021f5   Thumb Code    20  gd32f1x0_dma.o(.text)
    dma_flag_clear                           0x0800220d   Thumb Code    16  gd32f1x0_dma.o(.text)
    exti_deinit                              0x08002239   Thumb Code    20  gd32f1x0_exti.o(.text)
    exti_init                                0x08002251   Thumb Code    92  gd32f1x0_exti.o(.text)
    exti_interrupt_enable                    0x080022b1   Thumb Code     4  gd32f1x0_exti.o(.text)
    exti_event_enable                        0x080022b9   Thumb Code     4  gd32f1x0_exti.o(.text)
    exti_interrupt_disable                   0x080022c1   Thumb Code     4  gd32f1x0_exti.o(.text)
    exti_event_disable                       0x080022c9   Thumb Code     4  gd32f1x0_exti.o(.text)
    exti_flag_get                            0x080022d1   Thumb Code    12  gd32f1x0_exti.o(.text)
    exti_flag_clear                          0x080022e1   Thumb Code     8  gd32f1x0_exti.o(.text)
    exti_interrupt_flag_get                  0x080022ed   Thumb Code    24  gd32f1x0_exti.o(.text)
    exti_interrupt_flag_clear                0x08002309   Thumb Code     8  gd32f1x0_exti.o(.text)
    exti_software_interrupt_enable           0x08002315   Thumb Code     4  gd32f1x0_exti.o(.text)
    exti_software_interrupt_disable          0x0800231d   Thumb Code     4  gd32f1x0_exti.o(.text)
    fmc_unlock                               0x08002339   Thumb Code    20  gd32f1x0_fmc.o(.text)
    fmc_lock                                 0x08002359   Thumb Code    12  gd32f1x0_fmc.o(.text)
    fmc_wscnt_set                            0x08002369   Thumb Code    16  gd32f1x0_fmc.o(.text)
    fmc_wait_state_enable                    0x0800237d   Thumb Code    12  gd32f1x0_fmc.o(.text)
    fmc_wait_state_disable                   0x0800238d   Thumb Code    12  gd32f1x0_fmc.o(.text)
    fmc_page_erase                           0x0800239d   Thumb Code    48  gd32f1x0_fmc.o(.text)
    fmc_mass_erase                           0x0800240d   Thumb Code    44  gd32f1x0_fmc.o(.text)
    fmc_word_program                         0x0800243d   Thumb Code    32  gd32f1x0_fmc.o(.text)
    fmc_halfword_program                     0x08002461   Thumb Code    32  gd32f1x0_fmc.o(.text)
    ob_unlock                                0x08002485   Thumb Code    20  gd32f1x0_fmc.o(.text)
    ob_lock                                  0x080024a5   Thumb Code    12  gd32f1x0_fmc.o(.text)
    ob_reset                                 0x080024b5   Thumb Code    12  gd32f1x0_fmc.o(.text)
    ob_erase                                 0x080024c5   Thumb Code    88  gd32f1x0_fmc.o(.text)
    ob_obstat_plevel_get                     0x08002525   Thumb Code    12  gd32f1x0_fmc.o(.text)
    ob_write_protection_enable               0x08002535   Thumb Code    76  gd32f1x0_fmc.o(.text)
    ob_security_protection_config            0x08002589   Thumb Code    68  gd32f1x0_fmc.o(.text)
    ob_user_write                            0x080025d5   Thumb Code    72  gd32f1x0_fmc.o(.text)
    ob_data_program                          0x08002625   Thumb Code    68  gd32f1x0_fmc.o(.text)
    ob_user_get                              0x08002671   Thumb Code    12  gd32f1x0_fmc.o(.text)
    ob_data_get                              0x08002681   Thumb Code     8  gd32f1x0_fmc.o(.text)
    ob_write_protection_get                  0x0800268d   Thumb Code     8  gd32f1x0_fmc.o(.text)
    fmc_interrupt_enable                     0x08002699   Thumb Code     4  gd32f1x0_fmc.o(.text)
    fmc_interrupt_disable                    0x080026a1   Thumb Code    12  gd32f1x0_fmc.o(.text)
    fmc_flag_get                             0x080026b1   Thumb Code    12  gd32f1x0_fmc.o(.text)
    fmc_flag_clear                           0x080026c1   Thumb Code     4  gd32f1x0_fmc.o(.text)
    fmc_interrupt_flag_get                   0x080026c9   Thumb Code    12  gd32f1x0_fmc.o(.text)
    fmc_interrupt_flag_clear                 0x080026d9   Thumb Code     4  gd32f1x0_fmc.o(.text)
    fwdgt_write_disable                      0x08002741   Thumb Code     8  gd32f1x0_fwdgt.o(.text)
    fwdgt_counter_reload                     0x0800274d   Thumb Code    12  gd32f1x0_fwdgt.o(.text)
    fwdgt_enable                             0x0800275d   Thumb Code    12  gd32f1x0_fwdgt.o(.text)
    fwdgt_window_value_config                0x0800276d   Thumb Code    40  gd32f1x0_fwdgt.o(.text)
    fwdgt_config                             0x0800279d   Thumb Code    68  gd32f1x0_fwdgt.o(.text)
    fwdgt_flag_get                           0x080027e9   Thumb Code    12  gd32f1x0_fwdgt.o(.text)
    gpio_deinit                              0x080027f9   Thumb Code    52  gd32f1x0_gpio.o(.text)
    gpio_mode_set                            0x08002839   Thumb Code    78  gd32f1x0_gpio.o(.text)
    gpio_output_options_set                  0x08002887   Thumb Code    58  gd32f1x0_gpio.o(.text)
    gpio_bit_set                             0x080028c1   Thumb Code     4  gd32f1x0_gpio.o(.text)
    gpio_bit_reset                           0x080028c5   Thumb Code     4  gd32f1x0_gpio.o(.text)
    gpio_bit_write                           0x080028c9   Thumb Code    12  gd32f1x0_gpio.o(.text)
    gpio_port_write                          0x080028d5   Thumb Code     4  gd32f1x0_gpio.o(.text)
    gpio_input_bit_get                       0x080028d9   Thumb Code    10  gd32f1x0_gpio.o(.text)
    gpio_input_port_get                      0x080028e3   Thumb Code     6  gd32f1x0_gpio.o(.text)
    gpio_output_bit_get                      0x080028e9   Thumb Code    10  gd32f1x0_gpio.o(.text)
    gpio_output_port_get                     0x080028f3   Thumb Code     6  gd32f1x0_gpio.o(.text)
    gpio_af_set                              0x080028f9   Thumb Code    96  gd32f1x0_gpio.o(.text)
    gpio_pin_lock                            0x08002959   Thumb Code    16  gd32f1x0_gpio.o(.text)
    nvic_priority_group_set                  0x08002969   Thumb Code    12  gd32f1x0_misc.o(.text)
    nvic_irq_enable                          0x0800297d   Thumb Code   140  gd32f1x0_misc.o(.text)
    nvic_irq_disable                         0x08002a11   Thumb Code    24  gd32f1x0_misc.o(.text)
    nvic_vector_table_set                    0x08002a2d   Thumb Code    12  gd32f1x0_misc.o(.text)
    system_lowpower_set                      0x08002a41   Thumb Code    12  gd32f1x0_misc.o(.text)
    system_lowpower_reset                    0x08002a51   Thumb Code    12  gd32f1x0_misc.o(.text)
    systick_clksource_set                    0x08002a61   Thumb Code    20  gd32f1x0_misc.o(.text)
    rcu_deinit                               0x08002a79   Thumb Code    80  gd32f1x0_rcu.o(.text)
    rcu_periph_clock_enable                  0x08002ad9   Thumb Code    12  gd32f1x0_rcu.o(.text)
    rcu_periph_clock_disable                 0x08002ae9   Thumb Code    12  gd32f1x0_rcu.o(.text)
    rcu_periph_clock_sleep_enable            0x08002af9   Thumb Code    12  gd32f1x0_rcu.o(.text)
    rcu_periph_clock_sleep_disable           0x08002b09   Thumb Code    12  gd32f1x0_rcu.o(.text)
    rcu_periph_reset_enable                  0x08002b19   Thumb Code    12  gd32f1x0_rcu.o(.text)
    rcu_periph_reset_disable                 0x08002b29   Thumb Code    12  gd32f1x0_rcu.o(.text)
    rcu_bkp_reset_enable                     0x08002b39   Thumb Code    12  gd32f1x0_rcu.o(.text)
    rcu_bkp_reset_disable                    0x08002b49   Thumb Code    12  gd32f1x0_rcu.o(.text)
    rcu_system_clock_source_config           0x08002b59   Thumb Code    12  gd32f1x0_rcu.o(.text)
    rcu_system_clock_source_get              0x08002b69   Thumb Code    12  gd32f1x0_rcu.o(.text)
    rcu_ahb_clock_config                     0x08002b79   Thumb Code    12  gd32f1x0_rcu.o(.text)
    rcu_apb1_clock_config                    0x08002b89   Thumb Code    12  gd32f1x0_rcu.o(.text)
    rcu_apb2_clock_config                    0x08002b99   Thumb Code    12  gd32f1x0_rcu.o(.text)
    rcu_adc_clock_config                     0x08002ba9   Thumb Code    80  gd32f1x0_rcu.o(.text)
    rcu_usbd_clock_config                    0x08002bfd   Thumb Code    12  gd32f1x0_rcu.o(.text)
    rcu_ckout_config                         0x08002c0d   Thumb Code    12  gd32f1x0_rcu.o(.text)
    rcu_pll_config                           0x08002c1d   Thumb Code    24  gd32f1x0_rcu.o(.text)
    rcu_usart_clock_config                   0x08002c3d   Thumb Code    12  gd32f1x0_rcu.o(.text)
    rcu_cec_clock_config                     0x08002c4d   Thumb Code    12  gd32f1x0_rcu.o(.text)
    rcu_rtc_clock_config                     0x08002c5d   Thumb Code    12  gd32f1x0_rcu.o(.text)
    rcu_hxtal_prediv_config                  0x08002c6d   Thumb Code    12  gd32f1x0_rcu.o(.text)
    rcu_lxtal_drive_capability_config        0x08002c7d   Thumb Code    12  gd32f1x0_rcu.o(.text)
    rcu_flag_get                             0x08002c8d   Thumb Code    20  gd32f1x0_rcu.o(.text)
    rcu_all_reset_flag_clear                 0x08002ca5   Thumb Code    12  gd32f1x0_rcu.o(.text)
    rcu_interrupt_flag_get                   0x08002cb5   Thumb Code    12  gd32f1x0_rcu.o(.text)
    rcu_interrupt_flag_clear                 0x08002cc5   Thumb Code     8  gd32f1x0_rcu.o(.text)
    rcu_interrupt_enable                     0x08002cd1   Thumb Code     8  gd32f1x0_rcu.o(.text)
    rcu_interrupt_disable                    0x08002cdd   Thumb Code    12  gd32f1x0_rcu.o(.text)
    rcu_osci_stab_wait                       0x08002ced   Thumb Code   192  gd32f1x0_rcu.o(.text)
    rcu_osci_on                              0x08002db5   Thumb Code    12  gd32f1x0_rcu.o(.text)
    rcu_osci_off                             0x08002dc5   Thumb Code    12  gd32f1x0_rcu.o(.text)
    rcu_osci_bypass_mode_enable              0x08002dd5   Thumb Code    52  gd32f1x0_rcu.o(.text)
    rcu_osci_bypass_mode_disable             0x08002e0d   Thumb Code    52  gd32f1x0_rcu.o(.text)
    rcu_hxtal_clock_monitor_enable           0x08002e45   Thumb Code    12  gd32f1x0_rcu.o(.text)
    rcu_hxtal_clock_monitor_disable          0x08002e55   Thumb Code    12  gd32f1x0_rcu.o(.text)
    rcu_irc8m_adjust_value_set               0x08002e65   Thumb Code     4  gd32f1x0_rcu.o(.text)
    rcu_irc14m_adjust_value_set              0x08002e6d   Thumb Code     4  gd32f1x0_rcu.o(.text)
    rcu_voltage_key_unlock                   0x08002e75   Thumb Code    20  gd32f1x0_rcu.o(.text)
    rcu_deepsleep_voltage_set                0x08002e91   Thumb Code    12  gd32f1x0_rcu.o(.text)
    rcu_power_down_voltage_set               0x08002ea1   Thumb Code    12  gd32f1x0_rcu.o(.text)
    rcu_clock_freq_get                       0x08002eb1   Thumb Code   248  gd32f1x0_rcu.o(.text)
    syscfg_deinit                            0x08003019   Thumb Code    22  gd32f1x0_syscfg.o(.text)
    syscfg_dma_remap_enable                  0x08003031   Thumb Code     4  gd32f1x0_syscfg.o(.text)
    syscfg_dma_remap_disable                 0x08003039   Thumb Code    12  gd32f1x0_syscfg.o(.text)
    syscfg_high_current_enable               0x08003049   Thumb Code    12  gd32f1x0_syscfg.o(.text)
    syscfg_high_current_disable              0x08003059   Thumb Code    12  gd32f1x0_syscfg.o(.text)
    syscfg_exti_line_config                  0x08003069   Thumb Code    64  gd32f1x0_syscfg.o(.text)
    syscfg_lock_config                       0x080030ad   Thumb Code     4  gd32f1x0_syscfg.o(.text)
    syscfg_flag_get                          0x080030b5   Thumb Code    12  gd32f1x0_syscfg.o(.text)
    syscfg_flag_clear                        0x080030c5   Thumb Code     4  gd32f1x0_syscfg.o(.text)
    timer_deinit                             0x080030d5   Thumb Code   116  gd32f1x0_timer.o(.text)
    timer_struct_para_init                   0x08003165   Thumb Code    16  gd32f1x0_timer.o(.text)
    timer_init                               0x08003175   Thumb Code   168  gd32f1x0_timer.o(.text)
    timer_enable                             0x08003235   Thumb Code    10  gd32f1x0_timer.o(.text)
    timer_disable                            0x0800323f   Thumb Code    10  gd32f1x0_timer.o(.text)
    timer_auto_reload_shadow_enable          0x08003249   Thumb Code    10  gd32f1x0_timer.o(.text)
    timer_auto_reload_shadow_disable         0x08003253   Thumb Code    10  gd32f1x0_timer.o(.text)
    timer_update_event_enable                0x0800325d   Thumb Code    10  gd32f1x0_timer.o(.text)
    timer_update_event_disable               0x08003267   Thumb Code    10  gd32f1x0_timer.o(.text)
    timer_counter_alignment                  0x08003271   Thumb Code    16  gd32f1x0_timer.o(.text)
    timer_counter_up_direction               0x08003281   Thumb Code    10  gd32f1x0_timer.o(.text)
    timer_counter_down_direction             0x0800328b   Thumb Code    10  gd32f1x0_timer.o(.text)
    timer_prescaler_config                   0x08003295   Thumb Code    16  gd32f1x0_timer.o(.text)
    timer_repetition_value_config            0x080032a5   Thumb Code     4  gd32f1x0_timer.o(.text)
    timer_autoreload_value_config            0x080032a9   Thumb Code     4  gd32f1x0_timer.o(.text)
    timer_counter_value_config               0x080032ad   Thumb Code     4  gd32f1x0_timer.o(.text)
    timer_counter_read                       0x080032b1   Thumb Code     4  gd32f1x0_timer.o(.text)
    timer_prescaler_read                     0x080032b5   Thumb Code     6  gd32f1x0_timer.o(.text)
    timer_single_pulse_mode_config           0x080032bb   Thumb Code    24  gd32f1x0_timer.o(.text)
    timer_update_source_config               0x080032d3   Thumb Code    24  gd32f1x0_timer.o(.text)
    timer_ocpre_clear_source_config          0x080032eb   Thumb Code    24  gd32f1x0_timer.o(.text)
    timer_interrupt_enable                   0x08003303   Thumb Code     8  gd32f1x0_timer.o(.text)
    timer_interrupt_disable                  0x0800330b   Thumb Code     4  gd32f1x0_timer.o(.text)
    timer_interrupt_flag_get                 0x0800330f   Thumb Code    20  gd32f1x0_timer.o(.text)
    timer_interrupt_flag_clear               0x08003323   Thumb Code     6  gd32f1x0_timer.o(.text)
    timer_flag_get                           0x08003329   Thumb Code    10  gd32f1x0_timer.o(.text)
    timer_flag_clear                         0x08003333   Thumb Code     6  gd32f1x0_timer.o(.text)
    timer_dma_enable                         0x08003339   Thumb Code     8  gd32f1x0_timer.o(.text)
    timer_dma_disable                        0x08003341   Thumb Code     4  gd32f1x0_timer.o(.text)
    timer_channel_dma_request_source_select  0x08003345   Thumb Code    24  gd32f1x0_timer.o(.text)
    timer_dma_transfer_config                0x0800335d   Thumb Code    22  gd32f1x0_timer.o(.text)
    timer_event_software_generate            0x08003373   Thumb Code     8  gd32f1x0_timer.o(.text)
    timer_break_struct_para_init             0x0800337b   Thumb Code    10  gd32f1x0_timer.o(.text)
    timer_break_config                       0x08003385   Thumb Code    32  gd32f1x0_timer.o(.text)
    timer_break_enable                       0x080033a5   Thumb Code    10  gd32f1x0_timer.o(.text)
    timer_break_disable                      0x080033af   Thumb Code    10  gd32f1x0_timer.o(.text)
    timer_automatic_output_enable            0x080033b9   Thumb Code    10  gd32f1x0_timer.o(.text)
    timer_automatic_output_disable           0x080033c3   Thumb Code    10  gd32f1x0_timer.o(.text)
    timer_primary_output_config              0x080033cd   Thumb Code    18  gd32f1x0_timer.o(.text)
    timer_channel_control_shadow_config      0x080033df   Thumb Code    16  gd32f1x0_timer.o(.text)
    timer_channel_control_shadow_update_config 0x080033ef   Thumb Code    24  gd32f1x0_timer.o(.text)
    timer_channel_output_struct_para_init    0x08003407   Thumb Code    12  gd32f1x0_timer.o(.text)
    timer_channel_output_config              0x08003415   Thumb Code   500  gd32f1x0_timer.o(.text)
    timer_channel_output_mode_config         0x0800361d   Thumb Code    54  gd32f1x0_timer.o(.text)
    timer_channel_output_pulse_value_config  0x08003653   Thumb Code    14  gd32f1x0_timer.o(.text)
    timer_channel_output_shadow_config       0x08003661   Thumb Code    54  gd32f1x0_timer.o(.text)
    timer_channel_output_fast_config         0x08003699   Thumb Code    54  gd32f1x0_timer.o(.text)
    timer_channel_output_clear_config        0x080036d1   Thumb Code    54  gd32f1x0_timer.o(.text)
    timer_channel_output_polarity_config     0x08003709   Thumb Code    66  gd32f1x0_timer.o(.text)
    timer_channel_complementary_output_polarity_config 0x0800374d   Thumb Code    66  gd32f1x0_timer.o(.text)
    timer_channel_output_state_config        0x08003791   Thumb Code    66  gd32f1x0_timer.o(.text)
    timer_channel_complementary_output_state_config 0x080037d3   Thumb Code    52  gd32f1x0_timer.o(.text)
    timer_channel_input_struct_para_init     0x08003807   Thumb Code    12  gd32f1x0_timer.o(.text)
    timer_input_capture_config               0x08003815   Thumb Code   256  gd32f1x0_timer.o(.text)
    timer_channel_input_capture_prescaler_config 0x08003915   Thumb Code    54  gd32f1x0_timer.o(.text)
    timer_channel_capture_value_register_read 0x0800394b   Thumb Code    18  gd32f1x0_timer.o(.text)
    timer_input_pwm_capture_config           0x0800395d   Thumb Code   344  gd32f1x0_timer.o(.text)
    timer_hall_mode_config                   0x08003ab5   Thumb Code    24  gd32f1x0_timer.o(.text)
    timer_input_trigger_source_select        0x08003acd   Thumb Code     8  gd32f1x0_timer.o(.text)
    timer_master_output_trigger_source_select 0x08003ad5   Thumb Code    16  gd32f1x0_timer.o(.text)
    timer_slave_mode_select                  0x08003ae5   Thumb Code     8  gd32f1x0_timer.o(.text)
    timer_master_slave_mode_config           0x08003aed   Thumb Code    24  gd32f1x0_timer.o(.text)
    timer_external_trigger_config            0x08003b05   Thumb Code    28  gd32f1x0_timer.o(.text)
    timer_quadrature_decoder_mode_config     0x08003b21   Thumb Code    64  gd32f1x0_timer.o(.text)
    timer_internal_clock_config              0x08003b61   Thumb Code    10  gd32f1x0_timer.o(.text)
    timer_internal_trigger_as_external_clock_config 0x08003b6b   Thumb Code    10  gd32f1x0_timer.o(.text)
    timer_external_trigger_as_external_clock_config 0x08003b75   Thumb Code   122  gd32f1x0_timer.o(.text)
    timer_external_clock_mode0_config        0x08003bef   Thumb Code    26  gd32f1x0_timer.o(.text)
    timer_external_clock_mode1_config        0x08003c09   Thumb Code    18  gd32f1x0_timer.o(.text)
    timer_external_clock_mode1_disable       0x08003c1b   Thumb Code    10  gd32f1x0_timer.o(.text)
    timer_channel_remap_config               0x08003c25   Thumb Code     4  gd32f1x0_timer.o(.text)
    usart_deinit                             0x08003c5d   Thumb Code    44  gd32f1x0_usart.o(.text)
    usart_baudrate_set                       0x08003c91   Thumb Code    76  gd32f1x0_usart.o(.text)
    usart_parity_config                      0x08003ce5   Thumb Code    16  gd32f1x0_usart.o(.text)
    usart_word_length_set                    0x08003cf5   Thumb Code    16  gd32f1x0_usart.o(.text)
    usart_stop_bit_set                       0x08003d05   Thumb Code    16  gd32f1x0_usart.o(.text)
    usart_enable                             0x08003d15   Thumb Code    10  gd32f1x0_usart.o(.text)
    usart_disable                            0x08003d1f   Thumb Code    10  gd32f1x0_usart.o(.text)
    usart_transmit_config                    0x08003d29   Thumb Code     8  gd32f1x0_usart.o(.text)
    usart_receive_config                     0x08003d31   Thumb Code     8  gd32f1x0_usart.o(.text)
    usart_data_transmit                      0x08003d39   Thumb Code     8  gd32f1x0_usart.o(.text)
    usart_data_receive                       0x08003d41   Thumb Code     8  gd32f1x0_usart.o(.text)
    usart_data_first_config                  0x08003d49   Thumb Code    20  gd32f1x0_usart.o(.text)
    usart_invert_config                      0x08003d5d   Thumb Code    90  gd32f1x0_usart.o(.text)
    usart_overrun_enable                     0x08003db7   Thumb Code    16  gd32f1x0_usart.o(.text)
    usart_overrun_disable                    0x08003dc7   Thumb Code    16  gd32f1x0_usart.o(.text)
    usart_oversample_config                  0x08003dd7   Thumb Code    16  gd32f1x0_usart.o(.text)
    usart_sample_bit_config                  0x08003de7   Thumb Code    16  gd32f1x0_usart.o(.text)
    usart_autobaud_detection_enable          0x08003df7   Thumb Code    10  gd32f1x0_usart.o(.text)
    usart_autobaud_detection_disable         0x08003e01   Thumb Code    10  gd32f1x0_usart.o(.text)
    usart_autobaud_detection_mode_config     0x08003e0b   Thumb Code     8  gd32f1x0_usart.o(.text)
    usart_mute_mode_enable                   0x08003e13   Thumb Code    10  gd32f1x0_usart.o(.text)
    usart_mute_mode_disable                  0x08003e1d   Thumb Code    10  gd32f1x0_usart.o(.text)
    usart_mute_mode_wakeup_config            0x08003e27   Thumb Code    16  gd32f1x0_usart.o(.text)
    usart_address_detection_mode_config      0x08003e37   Thumb Code    20  gd32f1x0_usart.o(.text)
    usart_address_config                     0x08003e4b   Thumb Code    26  gd32f1x0_usart.o(.text)
    usart_receiver_timeout_enable            0x08003e65   Thumb Code    10  gd32f1x0_usart.o(.text)
    usart_receiver_timeout_disable           0x08003e6f   Thumb Code    10  gd32f1x0_usart.o(.text)
    usart_receiver_timeout_config            0x08003e79   Thumb Code    16  gd32f1x0_usart.o(.text)
    usart_lin_mode_enable                    0x08003e89   Thumb Code    18  gd32f1x0_usart.o(.text)
    usart_lin_mode_disable                   0x08003e9b   Thumb Code    18  gd32f1x0_usart.o(.text)
    usart_lin_break_detection_length_config  0x08003ead   Thumb Code    20  gd32f1x0_usart.o(.text)
    usart_halfduplex_enable                  0x08003ec1   Thumb Code    16  gd32f1x0_usart.o(.text)
    usart_halfduplex_disable                 0x08003ed1   Thumb Code    16  gd32f1x0_usart.o(.text)
    usart_clock_enable                       0x08003ee1   Thumb Code    18  gd32f1x0_usart.o(.text)
    usart_clock_disable                      0x08003ef3   Thumb Code    18  gd32f1x0_usart.o(.text)
    usart_synchronous_clock_config           0x08003f05   Thumb Code    50  gd32f1x0_usart.o(.text)
    usart_smartcard_mode_enable              0x08003f37   Thumb Code    16  gd32f1x0_usart.o(.text)
    usart_smartcard_mode_disable             0x08003f47   Thumb Code    16  gd32f1x0_usart.o(.text)
    usart_smartcard_mode_nack_enable         0x08003f57   Thumb Code    16  gd32f1x0_usart.o(.text)
    usart_smartcard_mode_nack_disable        0x08003f67   Thumb Code    16  gd32f1x0_usart.o(.text)
    usart_guard_time_config                  0x08003f77   Thumb Code    20  gd32f1x0_usart.o(.text)
    usart_block_length_config                0x08003f8b   Thumb Code    18  gd32f1x0_usart.o(.text)
    usart_smartcard_autoretry_config         0x08003f9d   Thumb Code    30  gd32f1x0_usart.o(.text)
    usart_irda_mode_enable                   0x08003fbb   Thumb Code    16  gd32f1x0_usart.o(.text)
    usart_irda_mode_disable                  0x08003fcb   Thumb Code    16  gd32f1x0_usart.o(.text)
    usart_irda_lowpower_config               0x08003fdb   Thumb Code    20  gd32f1x0_usart.o(.text)
    usart_prescaler_config                   0x08003fef   Thumb Code    16  gd32f1x0_usart.o(.text)
    usart_hardware_flow_rts_config           0x08003fff   Thumb Code    16  gd32f1x0_usart.o(.text)
    usart_hardware_flow_cts_config           0x0800400f   Thumb Code    16  gd32f1x0_usart.o(.text)
    usart_rs485_driver_enable                0x0800401f   Thumb Code    16  gd32f1x0_usart.o(.text)
    usart_rs485_driver_disable               0x0800402f   Thumb Code    16  gd32f1x0_usart.o(.text)
    usart_driver_assertime_config            0x0800403f   Thumb Code    30  gd32f1x0_usart.o(.text)
    usart_driver_deassertime_config          0x0800405d   Thumb Code    30  gd32f1x0_usart.o(.text)
    usart_depolarity_config                  0x0800407b   Thumb Code    20  gd32f1x0_usart.o(.text)
    usart_dma_receive_config                 0x0800408f   Thumb Code     8  gd32f1x0_usart.o(.text)
    usart_dma_transmit_config                0x08004097   Thumb Code     8  gd32f1x0_usart.o(.text)
    usart_reception_error_dma_disable        0x0800409f   Thumb Code    16  gd32f1x0_usart.o(.text)
    usart_reception_error_dma_enable         0x080040af   Thumb Code    16  gd32f1x0_usart.o(.text)
    usart_wakeup_enable                      0x080040bf   Thumb Code    10  gd32f1x0_usart.o(.text)
    usart_wakeup_disable                     0x080040c9   Thumb Code    10  gd32f1x0_usart.o(.text)
    usart_wakeup_mode_config                 0x080040d3   Thumb Code    20  gd32f1x0_usart.o(.text)
    usart_flag_get                           0x080040e7   Thumb Code    16  gd32f1x0_usart.o(.text)
    usart_flag_clear                         0x080040f7   Thumb Code     6  gd32f1x0_usart.o(.text)
    usart_interrupt_enable                   0x080040fd   Thumb Code    22  gd32f1x0_usart.o(.text)
    usart_interrupt_disable                  0x08004113   Thumb Code    24  gd32f1x0_usart.o(.text)
    usart_command_enable                     0x0800412b   Thumb Code     8  gd32f1x0_usart.o(.text)
    usart_interrupt_flag_get                 0x08004133   Thumb Code    36  gd32f1x0_usart.o(.text)
    usart_interrupt_flag_clear               0x08004157   Thumb Code     6  gd32f1x0_usart.o(.text)
    Reset_Handler                            0x080041a1   Thumb Code     8  startup_gd32f1x0.o(.text)
    ADC_CMP_IRQHandler                       0x080041bb   Thumb Code     0  startup_gd32f1x0.o(.text)
    CAN0_RX0_IRQHandler                      0x080041bb   Thumb Code     0  startup_gd32f1x0.o(.text)
    CAN0_RX1_IRQHandler                      0x080041bb   Thumb Code     0  startup_gd32f1x0.o(.text)
    CAN0_SCE_IRQHandler                      0x080041bb   Thumb Code     0  startup_gd32f1x0.o(.text)
    CAN0_TX_IRQHandler                       0x080041bb   Thumb Code     0  startup_gd32f1x0.o(.text)
    CAN1_RX0_IRQHandler                      0x080041bb   Thumb Code     0  startup_gd32f1x0.o(.text)
    CAN1_RX1_IRQHandler                      0x080041bb   Thumb Code     0  startup_gd32f1x0.o(.text)
    CAN1_SCE_IRQHandler                      0x080041bb   Thumb Code     0  startup_gd32f1x0.o(.text)
    CAN1_TX_IRQHandler                       0x080041bb   Thumb Code     0  startup_gd32f1x0.o(.text)
    CEC_IRQHandler                           0x080041bb   Thumb Code     0  startup_gd32f1x0.o(.text)
    DMA_Channel1_2_IRQHandler                0x080041bb   Thumb Code     0  startup_gd32f1x0.o(.text)
    DMA_Channel5_6_IRQHandler                0x080041bb   Thumb Code     0  startup_gd32f1x0.o(.text)
    FMC_IRQHandler                           0x080041bb   Thumb Code     0  startup_gd32f1x0.o(.text)
    I2C0_ER_IRQHandler                       0x080041bb   Thumb Code     0  startup_gd32f1x0.o(.text)
    I2C0_EV_IRQHandler                       0x080041bb   Thumb Code     0  startup_gd32f1x0.o(.text)
    I2C1_ER_IRQHandler                       0x080041bb   Thumb Code     0  startup_gd32f1x0.o(.text)
    I2C1_EV_IRQHandler                       0x080041bb   Thumb Code     0  startup_gd32f1x0.o(.text)
    I2C2_ER_IRQHandler                       0x080041bb   Thumb Code     0  startup_gd32f1x0.o(.text)
    I2C2_EV_IRQHandler                       0x080041bb   Thumb Code     0  startup_gd32f1x0.o(.text)
    LVD_IRQHandler                           0x080041bb   Thumb Code     0  startup_gd32f1x0.o(.text)
    RCU_IRQHandler                           0x080041bb   Thumb Code     0  startup_gd32f1x0.o(.text)
    RTC_IRQHandler                           0x080041bb   Thumb Code     0  startup_gd32f1x0.o(.text)
    SLCD_IRQHandler                          0x080041bb   Thumb Code     0  startup_gd32f1x0.o(.text)
    SPI0_IRQHandler                          0x080041bb   Thumb Code     0  startup_gd32f1x0.o(.text)
    SPI1_IRQHandler                          0x080041bb   Thumb Code     0  startup_gd32f1x0.o(.text)
    SPI2_IRQHandler                          0x080041bb   Thumb Code     0  startup_gd32f1x0.o(.text)
    TIMER0_Channel_IRQHandler                0x080041bb   Thumb Code     0  startup_gd32f1x0.o(.text)
    TIMER14_IRQHandler                       0x080041bb   Thumb Code     0  startup_gd32f1x0.o(.text)
    TIMER15_IRQHandler                       0x080041bb   Thumb Code     0  startup_gd32f1x0.o(.text)
    TIMER16_IRQHandler                       0x080041bb   Thumb Code     0  startup_gd32f1x0.o(.text)
    TIMER1_IRQHandler                        0x080041bb   Thumb Code     0  startup_gd32f1x0.o(.text)
    TIMER2_IRQHandler                        0x080041bb   Thumb Code     0  startup_gd32f1x0.o(.text)
    TIMER5_DAC_IRQHandler                    0x080041bb   Thumb Code     0  startup_gd32f1x0.o(.text)
    TSI_IRQHandler                           0x080041bb   Thumb Code     0  startup_gd32f1x0.o(.text)
    USART0_IRQHandler                        0x080041bb   Thumb Code     0  startup_gd32f1x0.o(.text)
    USART1_IRQHandler                        0x080041bb   Thumb Code     0  startup_gd32f1x0.o(.text)
    USBDWakeUp_IRQHandler                    0x080041bb   Thumb Code     0  startup_gd32f1x0.o(.text)
    USBD_HP_IRQHandler                       0x080041bb   Thumb Code     0  startup_gd32f1x0.o(.text)
    USBD_LP_IRQHandler                       0x080041bb   Thumb Code     0  startup_gd32f1x0.o(.text)
    WWDGT_IRQHandler                         0x080041bb   Thumb Code     0  startup_gd32f1x0.o(.text)
    SystemInit                               0x080041c5   Thumb Code   164  system_gd32f1x0.o(.text)
    SystemCoreClockUpdate                    0x0800427d   Thumb Code    80  system_gd32f1x0.o(.text)
    __aeabi_memset                           0x080042ed   Thumb Code    14  memseta.o(.text)
    __aeabi_memset4                          0x080042ed   Thumb Code     0  memseta.o(.text)
    __aeabi_memset8                          0x080042ed   Thumb Code     0  memseta.o(.text)
    __aeabi_memclr                           0x080042fb   Thumb Code     4  memseta.o(.text)
    __aeabi_memclr4                          0x080042fb   Thumb Code     0  memseta.o(.text)
    __aeabi_memclr8                          0x080042fb   Thumb Code     0  memseta.o(.text)
    _memset$wrapper                          0x080042ff   Thumb Code    18  memseta.o(.text)
    __aeabi_fmul                             0x08004311   Thumb Code   100  fmul.o(.text)
    __aeabi_fdiv                             0x08004375   Thumb Code   124  fdiv.o(.text)
    __aeabi_dadd                             0x080043f1   Thumb Code   322  dadd.o(.text)
    __aeabi_dsub                             0x08004533   Thumb Code     6  dadd.o(.text)
    __aeabi_drsub                            0x08004539   Thumb Code     6  dadd.o(.text)
    __aeabi_dmul                             0x0800453f   Thumb Code   228  dmul.o(.text)
    __aeabi_ddiv                             0x08004623   Thumb Code   222  ddiv.o(.text)
    __aeabi_fcmpgt                           0x08004701   Thumb Code    28  fcmpgt.o(.text)
    __aeabi_i2f                              0x0800471d   Thumb Code    18  fflti.o(.text)
    __aeabi_ui2f                             0x0800472f   Thumb Code    10  ffltui.o(.text)
    __aeabi_i2d                              0x08004739   Thumb Code    34  dflti.o(.text)
    __aeabi_ui2d                             0x0800475b   Thumb Code    26  dfltui.o(.text)
    __aeabi_f2iz                             0x08004775   Thumb Code    50  ffixi.o(.text)
    __aeabi_f2lz                             0x080047a7   Thumb Code    66  ffixl.o(.text)
    __aeabi_d2iz                             0x080047e9   Thumb Code    62  dfixi.o(.text)
    __aeabi_f2d                              0x08004827   Thumb Code    38  f2d.o(.text)
    __aeabi_d2f                              0x0800484d   Thumb Code    56  d2f.o(.text)
    __aeabi_llsl                             0x08004885   Thumb Code    30  llshl.o(.text)
    _ll_shift_l                              0x08004885   Thumb Code     0  llshl.o(.text)
    __aeabi_llsr                             0x080048a3   Thumb Code    32  llushr.o(.text)
    _ll_ushift_r                             0x080048a3   Thumb Code     0  llushr.o(.text)
    __aeabi_lasr                             0x080048c3   Thumb Code    36  llsshr.o(.text)
    _ll_sshift_r                             0x080048c3   Thumb Code     0  llsshr.o(.text)
    __I$use$fp                               0x080048e7   Thumb Code     0  iusefp.o(.text)
    _float_round                             0x080048e7   Thumb Code    18  fepilogue.o(.text)
    _float_epilogue                          0x080048f9   Thumb Code    92  fepilogue.o(.text)
    _double_round                            0x08004955   Thumb Code    30  depilogue.o(.text)
    _double_epilogue                         0x08004973   Thumb Code   156  depilogue.o(.text)
    __scatterload                            0x08004a11   Thumb Code    38  init.o(.text)
    __scatterload_rt2                        0x08004a11   Thumb Code     0  init.o(.text)
    __scatterload_copy                       0x08004a41   Thumb Code    14  handlers.o(i.__scatterload_copy)
    __scatterload_null                       0x08004a4f   Thumb Code     2  handlers.o(i.__scatterload_null)
    __scatterload_zeroinit                   0x08004a51   Thumb Code    14  handlers.o(i.__scatterload_zeroinit)
    hall_to_pos                              0x08004a7a   Data           8  bldc.o(.rodata.hall_to_pos)
    Region$$Table$$Base                      0x08004d94   Number         0  anon$$obj.o(Region$$Table)
    Region$$Table$$Limit                     0x08004db4   Number         0  anon$$obj.o(Region$$Table)
    iFILTER_SHIFT                            0x20000000   Data           1  bldc.o(.data..L_MergedGlobals)
    iFILTER_SHIFTDo                          0x20000001   Data           1  bldc.o(.data..L_MergedGlobals)
    offsetdc                                 0x20000002   Data           2  bldc.o(.data..L_MergedGlobals)
    batteryVoltage                           0x20000004   Data           4  bldc.o(.data..L_MergedGlobals)
    currentDC                                0x20000008   Data           4  bldc.o(.data..L_MergedGlobals)
    revs32Scale                              0x2000000c   Data           4  bldc.o(.data..L_MergedGlobals)
    revs32ScaleSlow                          0x20000010   Data           4  bldc.o(.data..L_MergedGlobals)
    iDriverDoEvery                           0x20000014   Data           2  driver.o(.data..L_MergedGlobals)
    aoPIDInit                                0x20000018   Data          84  driver.o(.data..L_MergedGlobals)
    SystemCoreClock                          0x20000074   Data           4  system_gd32f1x0.o(.data.SystemCoreClock)
    wState                                   0x2000007a   Data           1  main.o(.data.wState)
    iDrivingMode                             0x20000080   Data           1  main.o(.bss..L_MergedGlobals)
    bRemoteTimeout                           0x20000081   Data           1  main.o(.bss..L_MergedGlobals)
    bPilotTimeout                            0x20000082   Data           1  main.o(.bss..L_MergedGlobals)
    enable                                   0x20000083   Data           1  main.o(.bss..L_MergedGlobals)
    pwmSlave                                 0x20000084   Data           2  main.o(.bss..L_MergedGlobals)
    iBug                                     0x20000088   Data           4  main.o(.bss..L_MergedGlobals)
    steerCounter                             0x2000008c   Data           4  main.o(.bss..L_MergedGlobals)
    speed                                    0x20000090   Data           4  main.o(.bss..L_MergedGlobals)
    speedShutoff                             0x20000094   Data           4  main.o(.bss..L_MergedGlobals)
    iTimeNextLoop                            0x20000098   Data           4  main.o(.bss..L_MergedGlobals)
    sectorChange                             0x2000009c   Data           1  bldcsine.o(.bss..L_MergedGlobals)
    sector                                   0x2000009d   Data           1  bldcsine.o(.bss..L_MergedGlobals)
    sector10x                                0x2000009e   Data           1  bldcsine.o(.bss..L_MergedGlobals)
    bInterrupt                               0x2000009f   Data           1  bldcsine.o(.bss..L_MergedGlobals)
    hall_last                                0x200000a0   Data           1  bldcsine.o(.bss..L_MergedGlobals)
    angle_deg                                0x200000a2   Data           2  bldcsine.o(.bss..L_MergedGlobals)
    angle_deg_add                            0x200000a4   Data           2  bldcsine.o(.bss..L_MergedGlobals)
    angle_deg_final                          0x200000a6   Data           2  bldcsine.o(.bss..L_MergedGlobals)
    angle_idx                                0x200000a8   Data           2  bldcsine.o(.bss..L_MergedGlobals)
    hall_time_last                           0x200000aa   Data           2  bldcsine.o(.bss..L_MergedGlobals)
    hall_time_step                           0x200000ac   Data           2  bldcsine.o(.bss..L_MergedGlobals)
    iDT                                      0x200000ae   Data           2  bldcsine.o(.bss..L_MergedGlobals)
    iAdd                                     0x200000b0   Data           2  bldcsine.o(.bss..L_MergedGlobals)
    pwmGo                                    0x200000b4   Data           4  bldcsine.o(.bss..L_MergedGlobals)
    hall_time_step_LPR                       0x200000b8   Data           4  bldcsine.o(.bss..L_MergedGlobals)
    hall_time_step_LP                        0x200000bc   Data           4  bldcsine.o(.bss..L_MergedGlobals)
    aHallEXTI                                0x200000c0   Data          12  bldcsine.o(.bss..L_MergedGlobals)
    usart1_rx_buf                            0x200000cc   Data           1  setup.o(.bss..L_MergedGlobals)
    dev_id                                   0x200000d0   Data           4  setup.o(.bss..L_MergedGlobals)
    pll_mul                                  0x200000d4   Data           4  setup.o(.bss..L_MergedGlobals)
    timerBldc_paramter_struct                0x200000d8   Data          16  setup.o(.bss..L_MergedGlobals)
    timerBldc_oc_parameter_struct            0x200000e8   Data          16  setup.o(.bss..L_MergedGlobals)
    timerBldc_break_parameter_struct         0x200000f8   Data          24  setup.o(.bss..L_MergedGlobals)
    dma_init_struct_usart                    0x20000110   Data          36  setup.o(.bss..L_MergedGlobals)
    timedOut                                 0x20000134   Data           1  it.o(.bss..L_MergedGlobals)
    timeoutCounter_ms                        0x20000138   Data           4  it.o(.bss..L_MergedGlobals)
    hornCounter_ms                           0x2000013c   Data           4  it.o(.bss..L_MergedGlobals)
    msTicks                                  0x20000140   Data           4  it.o(.bss..L_MergedGlobals)
    iPwmCounter                              0x20000144   Data           4  it.o(.bss..L_MergedGlobals)
    iPwmTime                                 0x20000148   Data           4  it.o(.bss..L_MergedGlobals)
    iPwmRate                                 0x2000014c   Data           4  it.o(.bss..L_MergedGlobals)
    iAdcCounter                              0x20000150   Data           4  it.o(.bss..L_MergedGlobals)
    iAdcTime                                 0x20000154   Data           4  it.o(.bss..L_MergedGlobals)
    iAdcRate                                 0x20000158   Data           4  it.o(.bss..L_MergedGlobals)
    iCounterUsart1                           0x2000015c   Data           4  it.o(.bss..L_MergedGlobals)
    iCounter2Usart1                          0x20000160   Data           4  it.o(.bss..L_MergedGlobals)
    mosfetOutMaster                          0x20000164   Data           1  commsmasterslave.o(.bss..L_MergedGlobals)
    beepsBackwardsMaster                     0x20000165   Data           1  commsmasterslave.o(.bss..L_MergedGlobals)
    bldc_enable                              0x20000168   Data           1  bldc.o(.bss..L_MergedGlobals.1)
    hall                                     0x20000169   Data           1  bldc.o(.bss..L_MergedGlobals.1)
    iDrivingModeOverride                     0x2000016a   Data           1  bldc.o(.bss..L_MergedGlobals.1)
    hall_a                                   0x2000016b   Data           1  bldc.o(.bss..L_MergedGlobals.1)
    hall_b                                   0x2000016c   Data           1  bldc.o(.bss..L_MergedGlobals.1)
    hall_c                                   0x2000016d   Data           1  bldc.o(.bss..L_MergedGlobals.1)
    pos                                      0x2000016e   Data           1  bldc.o(.bss..L_MergedGlobals.1)
    lastPos                                  0x2000016f   Data           1  bldc.o(.bss..L_MergedGlobals.1)
    buzzerTimer                              0x20000170   Data           2  bldc.o(.bss..L_MergedGlobals.1)
    offsetcount                              0x20000172   Data           2  bldc.o(.bss..L_MergedGlobals.1)
    realSpeed                                0x20000174   Data           4  bldc.o(.bss..L_MergedGlobals.1)
    revs32                                   0x20000178   Data           4  bldc.o(.bss..L_MergedGlobals.1)
    revs32Latest                             0x2000017c   Data           4  bldc.o(.bss..L_MergedGlobals.1)
    torque32                                 0x20000180   Data           4  bldc.o(.bss..L_MergedGlobals.1)
    revs32_reg                               0x20000184   Data           4  bldc.o(.bss..L_MergedGlobals.1)
    torque32_reg                             0x20000188   Data           4  bldc.o(.bss..L_MergedGlobals.1)
    revs32x                                  0x2000018c   Data           4  bldc.o(.bss..L_MergedGlobals.1)
    iBldcInput                               0x20000190   Data           4  bldc.o(.bss..L_MergedGlobals.1)
    bldc_inputFilterPwm                      0x20000194   Data           4  bldc.o(.bss..L_MergedGlobals.1)
    bldc_outputFilterPwm                     0x20000198   Data           4  bldc.o(.bss..L_MergedGlobals.1)
    speedCounter                             0x2000019c   Data           4  bldc.o(.bss..L_MergedGlobals.1)
    speedCounterSlow                         0x200001a0   Data           4  bldc.o(.bss..L_MergedGlobals.1)
    speedCounterLog                          0x200001a4   Data           4  bldc.o(.bss..L_MergedGlobals.1)
    speedCounterSlowLog                      0x200001a8   Data           4  bldc.o(.bss..L_MergedGlobals.1)
    iOdom                                    0x200001ac   Data           4  bldc.o(.bss..L_MergedGlobals.1)
    iOdomLast                                0x200001b0   Data           4  bldc.o(.bss..L_MergedGlobals.1)
    filter_reg                               0x200001b4   Data           4  bldc.o(.bss..L_MergedGlobals.1)
    iBuzzCounter                             0x200001b8   Data           4  bldc.o(.bss..L_MergedGlobals.1)
    iBuzzTime                                0x200001bc   Data           4  bldc.o(.bss..L_MergedGlobals.1)
    iBuzzRate                                0x200001c0   Data           4  bldc.o(.bss..L_MergedGlobals.1)
    adc_buffer                               0x200001c4   Data           4  bldc.o(.bss..L_MergedGlobals.1)
    error                                    0x200001c8   Data           4  driver.o(.bss..L_MergedGlobals.1)
    delta_error                              0x200001cc   Data           4  driver.o(.bss..L_MergedGlobals.1)
    p_outH                                   0x200001d0   Data           4  driver.o(.bss..L_MergedGlobals.1)
    p_outL                                   0x200001d4   Data           4  driver.o(.bss..L_MergedGlobals.1)
    i_outH                                   0x200001d8   Data           4  driver.o(.bss..L_MergedGlobals.1)
    i_outL                                   0x200001dc   Data           4  driver.o(.bss..L_MergedGlobals.1)
    d_outH                                   0x200001e0   Data           4  driver.o(.bss..L_MergedGlobals.1)
    d_outL                                   0x200001e4   Data           4  driver.o(.bss..L_MergedGlobals.1)
    p_out32                                  0x200001e8   Data           4  driver.o(.bss..L_MergedGlobals.1)
    i_out32                                  0x200001ec   Data           4  driver.o(.bss..L_MergedGlobals.1)
    d_out32                                  0x200001f0   Data           4  driver.o(.bss..L_MergedGlobals.1)
    output32                                 0x200001f4   Data           4  driver.o(.bss..L_MergedGlobals.1)
    output                                   0x200001f8   Data           4  driver.o(.bss..L_MergedGlobals.1)
    setValue_Red                             0x200001fc   Data           1  led.o(.bss..L_MergedGlobals.1)
    setValue_Green                           0x200001fd   Data           1  led.o(.bss..L_MergedGlobals.1)
    setValue_Blue                            0x200001fe   Data           1  led.o(.bss..L_MergedGlobals.1)
    dma_init_struct_adc                      0x20000210   Data          36  setup.o(.bss.dma_init_struct_adc)
    iTestClock                               0x20000234   Data           4  setup.o(.bss.iTestClock)
    lowerLEDMaster                           0x20000238   Data           1  led.o(.bss.lowerLEDMaster)
    oConfig                                  0x2000023c   Data          20  setup.o(.bss.oConfig)
    pid                                      0x20000250   Data          48  driver.o(.bss.pid)
    timeoutTimer_paramter_struct             0x20000280   Data          16  setup.o(.bss.timeoutTimer_paramter_struct)
    upperLEDMaster                           0x20000290   Data           1  led.o(.bss.upperLEDMaster)
    __initial_sp                             0x20000698   Data           0  startup_gd32f1x0.o(STACK)



==============================================================================

Memory Map of the image

  Image Entry point : 0x08000169

  Load Region LR_IROM1 (Base: 0x08000000, Size: 0x00004e38, Max: 0x00010000, ABSOLUTE)

    Execution Region ER_IROM1 (Exec base: 0x08000000, Load base: 0x08000000, Size: 0x00004db4, Max: 0x00010000, ABSOLUTE)

    Exec Addr    Load Addr    Size         Type   Attr      Idx    E Section Name        Object

    0x08000000   0x08000000   0x00000168   Data   RO          288    RESET               startup_gd32f1x0.o
    0x08000168   0x08000168   0x00000000   Code   RO          305  * .ARM.Collect$$$$00000000  mc_w.l(entry.o)
    0x08000168   0x08000168   0x00000004   Code   RO          346    .ARM.Collect$$$$00000001  mc_w.l(entry2.o)
    0x0800016c   0x0800016c   0x00000004   Code   RO          349    .ARM.Collect$$$$00000004  mc_w.l(entry5.o)
    0x08000170   0x08000170   0x00000000   Code   RO          351    .ARM.Collect$$$$00000008  mc_w.l(entry7b.o)
    0x08000170   0x08000170   0x00000000   Code   RO          353    .ARM.Collect$$$$0000000A  mc_w.l(entry8b.o)
    0x08000170   0x08000170   0x00000008   Code   RO          354    .ARM.Collect$$$$0000000B  mc_w.l(entry9a.o)
    0x08000178   0x08000178   0x00000000   Code   RO          356    .ARM.Collect$$$$0000000D  mc_w.l(entry10a.o)
    0x08000178   0x08000178   0x00000000   Code   RO          358    .ARM.Collect$$$$0000000F  mc_w.l(entry11a.o)
    0x08000178   0x08000178   0x00000004   Code   RO          347    .ARM.Collect$$$$00002712  mc_w.l(entry2.o)
    0x0800017c   0x0800017c   0x00000200   Code   RO            1    .text               main.o
    0x0800037c   0x0800037c   0x000004aa   Code   RO           16    .text               bldc.o
    0x08000826   0x08000826   0x00000002   PAD
    0x08000828   0x08000828   0x0000022c   Code   RO           31    .text               driver.o
    0x08000a54   0x08000a54   0x000002a4   Code   RO           45    .text               bldcsine.o
    0x08000cf8   0x08000cf8   0x0000077a   Code   RO           58    .text               setup.o
    0x08001472   0x08001472   0x00000002   PAD
    0x08001474   0x08001474   0x00000168   Code   RO           74    .text               it.o
    0x080015dc   0x080015dc   0x00000324   Code   RO           91    .text               led.o
    0x08001900   0x08001900   0x0000005c   Code   RO          108    .text               comms.o
    0x0800195c   0x0800195c   0x0000011c   Code   RO          121    .text               commsmasterslave.o
    0x08001a78   0x08001a78   0x000004ac   Code   RO          161    .text               gd32f1x0_adc.o
    0x08001f24   0x08001f24   0x00000314   Code   RO          177    .text               gd32f1x0_dma.o
    0x08002238   0x08002238   0x000000fe   Code   RO          185    .text               gd32f1x0_exti.o
    0x08002336   0x08002336   0x00000002   PAD
    0x08002338   0x08002338   0x00000408   Code   RO          193    .text               gd32f1x0_fmc.o
    0x08002740   0x08002740   0x000000b8   Code   RO          201    .text               gd32f1x0_fwdgt.o
    0x080027f8   0x080027f8   0x00000170   Code   RO          209    .text               gd32f1x0_gpio.o
    0x08002968   0x08002968   0x00000110   Code   RO          225    .text               gd32f1x0_misc.o
    0x08002a78   0x08002a78   0x000005a0   Code   RO          243    .text               gd32f1x0_rcu.o
    0x08003018   0x08003018   0x000000bc   Code   RO          253    .text               gd32f1x0_syscfg.o
    0x080030d4   0x080030d4   0x00000b88   Code   RO          261    .text               gd32f1x0_timer.o
    0x08003c5c   0x08003c5c   0x00000542   Code   RO          270    .text               gd32f1x0_usart.o
    0x0800419e   0x0800419e   0x00000002   PAD
    0x080041a0   0x080041a0   0x00000024   Code   RO          289    .text               startup_gd32f1x0.o
    0x080041c4   0x080041c4   0x00000128   Code   RO          295    .text               system_gd32f1x0.o
    0x080042ec   0x080042ec   0x00000024   Code   RO          310    .text               mc_w.l(memseta.o)
    0x08004310   0x08004310   0x00000064   Code   RO          316    .text               mf_w.l(fmul.o)
    0x08004374   0x08004374   0x0000007c   Code   RO          318    .text               mf_w.l(fdiv.o)
    0x080043f0   0x080043f0   0x0000014e   Code   RO          320    .text               mf_w.l(dadd.o)
    0x0800453e   0x0800453e   0x000000e4   Code   RO          322    .text               mf_w.l(dmul.o)
    0x08004622   0x08004622   0x000000de   Code   RO          324    .text               mf_w.l(ddiv.o)
    0x08004700   0x08004700   0x0000001c   Code   RO          326    .text               mf_w.l(fcmpgt.o)
    0x0800471c   0x0800471c   0x00000012   Code   RO          328    .text               mf_w.l(fflti.o)
    0x0800472e   0x0800472e   0x0000000a   Code   RO          330    .text               mf_w.l(ffltui.o)
    0x08004738   0x08004738   0x00000022   Code   RO          332    .text               mf_w.l(dflti.o)
    0x0800475a   0x0800475a   0x0000001a   Code   RO          334    .text               mf_w.l(dfltui.o)
    0x08004774   0x08004774   0x00000032   Code   RO          336    .text               mf_w.l(ffixi.o)
    0x080047a6   0x080047a6   0x00000042   Code   RO          338    .text               mf_w.l(ffixl.o)
    0x080047e8   0x080047e8   0x0000003e   Code   RO          340    .text               mf_w.l(dfixi.o)
    0x08004826   0x08004826   0x00000026   Code   RO          342    .text               mf_w.l(f2d.o)
    0x0800484c   0x0800484c   0x00000038   Code   RO          344    .text               mf_w.l(d2f.o)
    0x08004884   0x08004884   0x0000001e   Code   RO          360    .text               mc_w.l(llshl.o)
    0x080048a2   0x080048a2   0x00000020   Code   RO          362    .text               mc_w.l(llushr.o)
    0x080048c2   0x080048c2   0x00000024   Code   RO          364    .text               mc_w.l(llsshr.o)
    0x080048e6   0x080048e6   0x00000000   Code   RO          366    .text               mc_w.l(iusefp.o)
    0x080048e6   0x080048e6   0x0000006e   Code   RO          367    .text               mf_w.l(fepilogue.o)
    0x08004954   0x08004954   0x000000ba   Code   RO          369    .text               mf_w.l(depilogue.o)
    0x08004a0e   0x08004a0e   0x00000002   PAD
    0x08004a10   0x08004a10   0x00000030   Code   RO          371    .text               mc_w.l(init.o)
    0x08004a40   0x08004a40   0x0000000e   Code   RO          375    i.__scatterload_copy  mc_w.l(handlers.o)
    0x08004a4e   0x08004a4e   0x00000002   Code   RO          376    i.__scatterload_null  mc_w.l(handlers.o)
    0x08004a50   0x08004a50   0x0000000e   Code   RO          377    i.__scatterload_zeroinit  mc_w.l(handlers.o)
    0x08004a5e   0x08004a5e   0x0000000c   Data   RO           20    .rodata..L__const.up_or_down.up_down  bldc.o
    0x08004a6a   0x08004a6a   0x00000008   Data   RO           49    .rodata.cst8        bldcsine.o
    0x08004a72   0x08004a72   0x00000008   Data   RO          245    .rodata.cst8        gd32f1x0_rcu.o
    0x08004a7a   0x08004a7a   0x00000008   Data   RO           21    .rodata.hall_to_pos  bldc.o
    0x08004a82   0x08004a82   0x000002d0   Data   RO           50    .rodata.sine_table  bldcsine.o
    0x08004d52   0x08004d52   0x00000040   Data   RO           98    .rodata.su8BrightnessTable  led.o
    0x08004d92   0x08004d92   0x00000002   PAD
    0x08004d94   0x08004d94   0x00000020   Data   RO          374    Region$$Table       anon$$obj.o


    Execution Region RW_IRAM1 (Exec base: 0x20000000, Load base: 0x08004db8, Size: 0x00000698, Max: 0x00002000, ABSOLUTE)

    Exec Addr    Load Addr    Size         Type   Attr      Idx    E Section Name        Object

    0x20000000   0x08004db8   0x00000014   Data   RW           22    .data..L_MergedGlobals  bldc.o
    0x20000014   0x08004dcc   0x00000058   Data   RW           36    .data..L_MergedGlobals  driver.o
    0x2000006c   0x08004e24   0x00000008   Data   RW           99    .data..L_MergedGlobals  led.o
    0x20000074   0x08004e2c   0x00000004   Data   RW          297    .data.SystemCoreClock  system_gd32f1x0.o
    0x20000078   0x08004e30   0x00000002   Data   RW          123    .data.iReceivePos   commsmasterslave.o
    0x2000007a   0x08004e32   0x00000001   Data   RW            5    .data.wState        main.o
    0x2000007b   0x08004e33   0x00000005   PAD
    0x20000080        -       0x0000001c   Zero   RW            9    .bss..L_MergedGlobals  main.o
    0x2000009c        -       0x00000030   Zero   RW           51    .bss..L_MergedGlobals  bldcsine.o
    0x200000cc        -       0x00000068   Zero   RW           66    .bss..L_MergedGlobals  setup.o
    0x20000134        -       0x00000030   Zero   RW           84    .bss..L_MergedGlobals  it.o
    0x20000164        -       0x00000002   Zero   RW          125    .bss..L_MergedGlobals  commsmasterslave.o
    0x20000166   0x08004e33   0x00000002   PAD
    0x20000168        -       0x00000060   Zero   RW           23    .bss..L_MergedGlobals.1  bldc.o
    0x200001c8        -       0x00000034   Zero   RW           37    .bss..L_MergedGlobals.1  driver.o
    0x200001fc        -       0x0000000e   Zero   RW          100    .bss..L_MergedGlobals.1  led.o
    0x2000020a        -       0x00000006   Zero   RW          124    .bss.aReceiveBuffer  commsmasterslave.o
    0x20000210        -       0x00000024   Zero   RW           61    .bss.dma_init_struct_adc  setup.o
    0x20000234        -       0x00000004   Zero   RW           63    .bss.iTestClock     setup.o
    0x20000238        -       0x00000001   Zero   RW           94    .bss.lowerLEDMaster  led.o
    0x20000239   0x08004e33   0x00000003   PAD
    0x2000023c        -       0x00000014   Zero   RW           62    .bss.oConfig        setup.o
    0x20000250        -       0x00000030   Zero   RW           34    .bss.pid            driver.o
    0x20000280        -       0x00000010   Zero   RW           60    .bss.timeoutTimer_paramter_struct  setup.o
    0x20000290        -       0x00000001   Zero   RW           93    .bss.upperLEDMaster  led.o
    0x20000291   0x08004e33   0x00000007   PAD
    0x20000298        -       0x00000400   Zero   RW          286    STACK               startup_gd32f1x0.o


==============================================================================

Image component sizes


      Code (inc. data)   RO Data    RW Data    ZI Data      Debug   Object Name

      1194        128         20         20         96       4810   bldc.o
       676         64        728          0         48       6040   bldcsine.o
        92          0          0          0          0       2060   comms.o
       284         52          0          2          8       2678   commsmasterslave.o
       556         44          0         88        100       3628   driver.o
      1196        156          0          0          0       7416   gd32f1x0_adc.o
       788        168          0          0          0       5983   gd32f1x0_dma.o
       254         48          0          0          0       3080   gd32f1x0_exti.o
      1032        152          0          0          0       6921   gd32f1x0_fmc.o
       184         32          0          0          0       2003   gd32f1x0_fwdgt.o
       368         12          0          0          0       4205   gd32f1x0_gpio.o
       272         40          0          0          0       3270   gd32f1x0_misc.o
      1440        242          8          0          0      12304   gd32f1x0_rcu.o
       188         36          0          0          0       2898   gd32f1x0_syscfg.o
      2952        112          0          0          0      18043   gd32f1x0_timer.o
      1346         24          0          0          0      12002   gd32f1x0_usart.o
       360         44          0          0         48       3275   it.o
       804        108         64          8         16       5358   led.o
       512         40          0          1         28       4650   main.o
      1914        160          0          0        180      10145   setup.o
        36          8        360          0       1024        876   startup_gd32f1x0.o
       296         52          0          4          0       1658   system_gd32f1x0.o

    ----------------------------------------------------------------------
     16752       1722       1214        124       1564     123303   Object Totals
         0          0         32          0          0          0   (incl. Generated)
         8          0          2          1         16          0   (incl. Padding)

    ----------------------------------------------------------------------

      Code (inc. data)   RO Data    RW Data    ZI Data      Debug   Library Member Name

         0          0          0          0          0          0   entry.o
         0          0          0          0          0          0   entry10a.o
         0          0          0          0          0          0   entry11a.o
         8          4          0          0          0          0   entry2.o
         4          0          0          0          0          0   entry5.o
         0          0          0          0          0          0   entry7b.o
         0          0          0          0          0          0   entry8b.o
         8          4          0          0          0          0   entry9a.o
        30          0          0          0          0          0   handlers.o
        48         10          0          0          0         68   init.o
         0          0          0          0          0          0   iusefp.o
        30          0          0          0          0         68   llshl.o
        36          0          0          0          0         68   llsshr.o
        32          0          0          0          0         68   llushr.o
        36          0          0          0          0        108   memseta.o
        56          0          0          0          0         88   d2f.o
       334          0          0          0          0        148   dadd.o
       222          0          0          0          0        100   ddiv.o
       186          0          0          0          0        176   depilogue.o
        62          0          0          0          0         80   dfixi.o
        34          0          0          0          0         76   dflti.o
        26          0          0          0          0         76   dfltui.o
       228          0          0          0          0         96   dmul.o
        38          0          0          0          0         68   f2d.o
        28          0          0          0          0         68   fcmpgt.o
       124          0          0          0          0         88   fdiv.o
       110          0          0          0          0        168   fepilogue.o
        50          0          0          0          0         68   ffixi.o
        66          0          0          0          0         76   ffixl.o
        18          0          0          0          0         68   fflti.o
        10          0          0          0          0         68   ffltui.o
       100          0          0          0          0         76   fmul.o

    ----------------------------------------------------------------------
      1926         18          0          0          0       1968   Library Totals
         2          0          0          0          0          0   (incl. Padding)

    ----------------------------------------------------------------------

      Code (inc. data)   RO Data    RW Data    ZI Data      Debug   Library Name

       232         18          0          0          0        380   mc_w.l
      1692          0          0          0          0       1588   mf_w.l

    ----------------------------------------------------------------------
      1926         18          0          0          0       1968   Library Totals

    ----------------------------------------------------------------------

==============================================================================


      Code (inc. data)   RO Data    RW Data    ZI Data      Debug   

     18678       1740       1214        124       1564     124035   Grand Totals
     18678       1740       1214        124       1564     124035   ELF Image Totals
     18678       1740       1214        124          0          0   ROM Totals

==============================================================================

    Total RO  Size (Code + RO Data)                19892 (  19.43kB)
    Total RW  Size (RW Data + ZI Data)              1688 (   1.65kB)
    Total ROM Size (Code + RO Data + RW Data)      20016 (  19.55kB)

==============================================================================

